183.81.49.89 - - [16/Jul/2019:14:05:20 +0000] "GET /wp-content/plugins/woocommerce/assets/css/select2.css?ver=3.6.5 HTTP/1.1" 200 2300 "http://ec2-18-222-53-144.us-east-2.compute.amazonaws.com/" "Mozilla/5.0 (Macintosh; Intel Mac OS X 10_12_6) AppleWebKit/537.36 (KHTML, like Gecko) Chrome/75.0.3770.100 Safari/537.36"
183.81.49.89 - - [16/Jul/2019:14:05:20 +0000] "GET /wp-content/themes/online-shop/style.css?ver=1.3.2 HTTP/1.1" 200 15438 "http://ec2-18-222-53-144.us-east-2.compute.amazonaws.com/" "Mozilla/5.0 (Macintosh; Intel Mac OS X 10_12_6) AppleWebKit/537.36 (KHTML, like Gecko) Chrome/75.0.3770.100 Safari/537.36"
183.81.49.89 - - [16/Jul/2019:14:05:20 +0000] "GET /wp-content/themes/online-shop/acmethemes/gutenberg/gutenberg-front.css?ver=1.0 HTTP/1.1" 200 784 "http://ec2-18-222-53-144.us-east-2.compute.amazonaws.com/" "Mozilla/5.0 (Macintosh; Intel Mac OS X 10_12_6) AppleWebKit/537.36 (KHTML, like Gecko) Chrome/75.0.3770.100 Safari/537.36"
183.81.49.89 - - [16/Jul/2019:14:05:20 +0000] "GET /wp-content/plugins/jetpack/css/jetpack.css?ver=7.5.2 HTTP/1.1" 200 12893 "http://ec2-18-222-53-144.us-east-2.compute.amazonaws.com/" "Mozilla/5.0 (Macintosh; Intel Mac OS X 10_12_6) AppleWebKit/537.36 (KHTML, like Gecko) Chrome/75.0.3770.100 Safari/537.36"
183.81.49.89 - - [16/Jul/2019:14:05:20 +0000] "GET /wp-includes/js/jquery/jquery.js?ver=1.12.4-wp HTTP/1.1" 200 34129 "http://ec2-18-222-53-144.us-east-2.compute.amazonaws.com/" "Mozilla/5.0 (Macintosh; Intel Mac OS X 10_12_6) AppleWebKit/537.36 (KHTML, like Gecko) Chrome/75.0.3770.100 Safari/537.36"
183.81.49.89 - - [16/Jul/2019:14:05:20 +0000] "GET /wp-includes/js/jquery/jquery-migrate.min.js?ver=1.4.1 HTTP/1.1" 200 4365 "http://ec2-18-222-53-144.us-east-2.compute.amazonaws.com/" "Mozilla/5.0 (Macintosh; Intel Mac OS X 10_12_6) AppleWebKit/537.36 (KHTML, like Gecko) Chrome/75.0.3770.100 Safari/537.36"
183.81.49.89 - - [16/Jul/2019:14:05:20 +0000] "GET /wp-includes/css/dist/block-library/style.min.css?ver=5.2.2 HTTP/1.1" 200 5104 "http://ec2-18-222-53-144.us-east-2.compute.amazonaws.com/" "Mozilla/5.0 (Macintosh; Intel Mac OS X 10_12_6) AppleWebKit/537.36 (KHTML, like Gecko) Chrome/75.0.3770.100 Safari/537.36"
183.81.49.89 - - [16/Jul/2019:14:05:20 +0000] "GET /wp-content/plugins/woocommerce/assets/css/blocks/style.css?ver=3.6.5 HTTP/1.1" 200 1269 "http://ec2-18-222-53-144.us-east-2.compute.amazonaws.com/" "Mozilla/5.0 (Macintosh; Intel Mac OS X 10_12_6) AppleWebKit/537.36 (KHTML, like Gecko) Chrome/75.0.3770.100 Safari/537.36"
183.81.49.89 - - [16/Jul/2019:14:05:20 +0000] "GET /wp-includes/css/dist/block-library/theme.min.css?ver=5.2.2 HTTP/1.1" 200 897 "http://ec2-18-222-53-144.us-east-2.compute.amazonaws.com/" "Mozilla/5.0 (Macintosh; Intel Mac OS X 10_12_6) AppleWebKit/537.36 (KHTML, like Gecko) Chrome/75.0.3770.100 Safari/537.36"
183.81.49.89 - - [16/Jul/2019:14:05:20 +0000] "GET /wp-content/plugins/yith-woocommerce-wishlist/assets/css/jquery.selectBox.css?ver=1.2.0 HTTP/1.1" 200 1363 "http://ec2-18-222-53-144.us-east-2.compute.amazonaws.com/" "Mozilla/5.0 (Macintosh; Intel Mac OS X 10_12_6) AppleWebKit/537.36 (KHTML, like Gecko) Chrome/75.0.3770.100 Safari/537.36"
183.81.49.89 - - [16/Jul/2019:14:05:20 +0000] "GET /wp-content/uploads/2017/12/shoes-1011596_640-3-300x300.jpg HTTP/1.1" 200 23256 "http://ec2-18-222-53-144.us-east-2.compute.amazonaws.com/" "Mozilla/5.0 (Macintosh; Intel Mac OS X 10_12_6) AppleWebKit/537.36 (KHTML, like Gecko) Chrome/75.0.3770.100 Safari/537.36"
183.81.49.89 - - [16/Jul/2019:14:05:20 +0000] "GET /wp-content/uploads/2017/12/converse-2483523_640-3-300x300.jpg HTTP/1.1" 200 32180 "http://ec2-18-222-53-144.us-east-2.compute.amazonaws.com/" "Mozilla/5.0 (Macintosh; Intel Mac OS X 10_12_6) AppleWebKit/537.36 (KHTML, like Gecko) Chrome/75.0.3770.100 Safari/537.36"
183.81.49.89 - - [16/Jul/2019:14:05:20 +0000] "GET /wp-content/uploads/2017/12/milk-2585099_640-3-300x300.jpg HTTP/1.1" 200 23550 "http://ec2-18-222-53-144.us-east-2.compute.amazonaws.com/" "Mozilla/5.0 (Macintosh; Intel Mac OS X 10_12_6) AppleWebKit/537.36 (KHTML, like Gecko) Chrome/75.0.3770.100 Safari/537.36"
183.81.49.89 - - [16/Jul/2019:14:05:20 +0000] "GET /wp-content/uploads/2017/12/raspberry-2023404_640-3-300x300.jpg HTTP/1.1" 200 30300 "http://ec2-18-222-53-144.us-east-2.compute.amazonaws.com/" "Mozilla/5.0 (Macintosh; Intel Mac OS X 10_12_6) AppleWebKit/537.36 (KHTML, like Gecko) Chrome/75.0.3770.100 Safari/537.36"
183.81.49.89 - - [16/Jul/2019:14:05:20 +0000] "GET /wp-content/uploads/2017/12/black-shoes-2752226_640-2-300x300.jpg HTTP/1.1" 200 11621 "http://ec2-18-222-53-144.us-east-2.compute.amazonaws.com/" "Mozilla/5.0 (Macintosh; Intel Mac OS X 10_12_6) AppleWebKit/537.36 (KHTML, like Gecko) Chrome/75.0.3770.100 Safari/537.36"
183.81.49.89 - - [16/Jul/2019:14:05:20 +0000] "GET /wp-content/uploads/2017/12/office-620823_640-3-300x300.jpg HTTP/1.1" 200 18854 "http://ec2-18-222-53-144.us-east-2.compute.amazonaws.com/" "Mozilla/5.0 (Macintosh; Intel Mac OS X 10_12_6) AppleWebKit/537.36 (KHTML, like Gecko) Chrome/75.0.3770.100 Safari/537.36"
183.81.49.89 - - [16/Jul/2019:14:05:20 +0000] "GET /wp-includes/js/admin-bar.min.js?ver=5.2.2 HTTP/1.1" 200 2830 "http://ec2-18-222-53-144.us-east-2.compute.amazonaws.com/" "Mozilla/5.0 (Macintosh; Intel Mac OS X 10_12_6) AppleWebKit/537.36 (KHTML, like Gecko) Chrome/75.0.3770.100 Safari/537.36"
183.81.49.89 - - [16/Jul/2019:14:05:20 +0000] "GET /wp-content/plugins/yith-woocommerce-wishlist/assets/js/jquery.selectBox.min.js?ver=1.2.0 HTTP/1.1" 200 4357 "http://ec2-18-222-53-144.us-east-2.compute.amazonaws.com/" "Mozilla/5.0 (Macintosh; Intel Mac OS X 10_12_6) AppleWebKit/537.36 (KHTML, like Gecko) Chrome/75.0.3770.100 Safari/537.36"
183.81.49.89 - - [16/Jul/2019:14:05:20 +0000] "GET /wp-content/plugins/yith-woocommerce-wishlist/assets/js/jquery.yith-wcwl.js?ver=2.2.11 HTTP/1.1" 200 3090 "http://ec2-18-222-53-144.us-east-2.compute.amazonaws.com/" "Mozilla/5.0 (Macintosh; Intel Mac OS X 10_12_6) AppleWebKit/537.36 (KHTML, like Gecko) Chrome/75.0.3770.100 Safari/537.36"
183.81.49.89 - - [16/Jul/2019:14:05:20 +0000] "GET /wp-content/themes/online-shop/assets/library/Font-Awesome/fonts/fontawesome-webfont.woff2?v=4.7.0 HTTP/1.1" 200 77423 "http://ec2-18-222-53-144.us-east-2.compute.amazonaws.com/wp-content/themes/online-shop/assets/library/Font-Awesome/css/font-awesome.min.css?ver=4.7.0" "Mozilla/5.0 (Macintosh; Intel Mac OS X 10_12_6) AppleWebKit/537.36 (KHTML, like Gecko) Chrome/75.0.3770.100 Safari/537.36"
183.81.49.89 - - [16/Jul/2019:14:05:20 +0000] "GET /wp-content/uploads/2013/06/hoodie_3_front-1.jpg HTTP/1.1" 200 90250 "http://ec2-18-222-53-144.us-east-2.compute.amazonaws.com/" "Mozilla/5.0 (Macintosh; Intel Mac OS X 10_12_6) AppleWebKit/537.36 (KHTML, like Gecko) Chrome/75.0.3770.100 Safari/537.36"
183.81.49.89 - - [16/Jul/2019:14:05:21 +0000] "GET /wp-content/uploads/2017/12/milk-2585099_640-3.jpg HTTP/1.1" 200 71439 "http://ec2-18-222-53-144.us-east-2.compute.amazonaws.com/" "Mozilla/5.0 (Macintosh; Intel Mac OS X 10_12_6) AppleWebKit/537.36 (KHTML, like Gecko) Chrome/75.0.3770.100 Safari/537.36"
183.81.49.89 - - [16/Jul/2019:14:05:21 +0000] "GET /wp-content/uploads/2013/06/hoodie_5_front-1.jpg HTTP/1.1" 200 82535 "http://ec2-18-222-53-144.us-east-2.compute.amazonaws.com/" "Mozilla/5.0 (Macintosh; Intel Mac OS X 10_12_6) AppleWebKit/537.36 (KHTML, like Gecko) Chrome/75.0.3770.100 Safari/537.36"
183.81.49.89 - - [16/Jul/2019:14:05:21 +0000] "GET /wp-content/plugins/woocommerce/assets/js/jquery-blockui/jquery.blockUI.min.js?ver=2.70 HTTP/1.1" 200 3884 "http://ec2-18-222-53-144.us-east-2.compute.amazonaws.com/" "Mozilla/5.0 (Macintosh; Intel Mac OS X 10_12_6) AppleWebKit/537.36 (KHTML, like Gecko) Chrome/75.0.3770.100 Safari/537.36"
183.81.49.89 - - [16/Jul/2019:14:05:21 +0000] "GET /wp-content/plugins/woocommerce/assets/js/frontend/add-to-cart.min.js?ver=3.6.5 HTTP/1.1" 200 1306 "http://ec2-18-222-53-144.us-east-2.compute.amazonaws.com/" "Mozilla/5.0 (Macintosh; Intel Mac OS X 10_12_6) AppleWebKit/537.36 (KHTML, like Gecko) Chrome/75.0.3770.100 Safari/537.36"
183.81.49.89 - - [16/Jul/2019:14:05:21 +0000] "GET /wp-content/plugins/woocommerce/assets/js/js-cookie/js.cookie.min.js?ver=2.1.4 HTTP/1.1" 200 1330 "http://ec2-18-222-53-144.us-east-2.compute.amazonaws.com/" "Mozilla/5.0 (Macintosh; Intel Mac OS X 10_12_6) AppleWebKit/537.36 (KHTML, like Gecko) Chrome/75.0.3770.100 Safari/537.36"
183.81.49.89 - - [16/Jul/2019:14:05:21 +0000] "GET /wp-content/uploads/2017/12/sunglasses-2523803_640-3-300x300.jpg HTTP/1.1" 200 37717 "http://ec2-18-222-53-144.us-east-2.compute.amazonaws.com/" "Mozilla/5.0 (Macintosh; Intel Mac OS X 10_12_6) AppleWebKit/537.36 (KHTML, like Gecko) Chrome/75.0.3770.100 Safari/537.36"
183.81.49.89 - - [16/Jul/2019:14:05:21 +0000] "GET /wp-content/plugins/woocommerce/assets/js/frontend/woocommerce.min.js?ver=3.6.5 HTTP/1.1" 200 968 "http://ec2-18-222-53-144.us-east-2.compute.amazonaws.com/" "Mozilla/5.0 (Macintosh; Intel Mac OS X 10_12_6) AppleWebKit/537.36 (KHTML, like Gecko) Chrome/75.0.3770.100 Safari/537.36"
183.81.49.89 - - [16/Jul/2019:14:05:21 +0000] "GET /wp-content/plugins/woocommerce/assets/js/frontend/cart-fragments.min.js?ver=3.6.5 HTTP/1.1" 200 1392 "http://ec2-18-222-53-144.us-east-2.compute.amazonaws.com/" "Mozilla/5.0 (Macintosh; Intel Mac OS X 10_12_6) AppleWebKit/537.36 (KHTML, like Gecko) Chrome/75.0.3770.100 Safari/537.36"
183.81.49.89 - - [16/Jul/2019:14:05:21 +0000] "GET /wp-content/plugins/woocommerce/assets/js/prettyPhoto/jquery.prettyPhoto.min.js?ver=3.1.6 HTTP/1.1" 200 6202 "http://ec2-18-222-53-144.us-east-2.compute.amazonaws.com/" "Mozilla/5.0 (Macintosh; Intel Mac OS X 10_12_6) AppleWebKit/537.36 (KHTML, like Gecko) Chrome/75.0.3770.100 Safari/537.36"
183.81.49.89 - - [16/Jul/2019:14:05:21 +0000] "GET /wp-content/plugins/woocommerce/assets/js/select2/select2.full.min.js?ver=4.0.3 HTTP/1.1" 200 21558 "http://ec2-18-222-53-144.us-east-2.compute.amazonaws.com/" "Mozilla/5.0 (Macintosh; Intel Mac OS X 10_12_6) AppleWebKit/537.36 (KHTML, like Gecko) Chrome/75.0.3770.100 Safari/537.36"
183.81.49.89 - - [16/Jul/2019:14:05:21 +0000] "GET /wp-content/themes/online-shop/assets/library/slick/slick.min.js?ver=1.8.1 HTTP/1.1" 200 10794 "http://ec2-18-222-53-144.us-east-2.compute.amazonaws.com/" "Mozilla/5.0 (Macintosh; Intel Mac OS X 10_12_6) AppleWebKit/537.36 (KHTML, like Gecko) Chrome/75.0.3770.100 Safari/537.36"
183.81.49.89 - - [16/Jul/2019:14:05:21 +0000] "GET /wp-content/themes/online-shop/assets/library/SlickNav/jquery.slicknav.min.js?ver=1.0.10 HTTP/1.1" 200 2999 "http://ec2-18-222-53-144.us-east-2.compute.amazonaws.com/" "Mozilla/5.0 (Macintosh; Intel Mac OS X 10_12_6) AppleWebKit/537.36 (KHTML, like Gecko) Chrome/75.0.3770.100 Safari/537.36"
183.81.49.89 - - [16/Jul/2019:14:05:21 +0000] "GET /wp-content/uploads/2017/12/swimming-664770_640-3-300x300.jpg HTTP/1.1" 200 13513 "http://ec2-18-222-53-144.us-east-2.compute.amazonaws.com/" "Mozilla/5.0 (Macintosh; Intel Mac OS X 10_12_6) AppleWebKit/537.36 (KHTML, like Gecko) Chrome/75.0.3770.100 Safari/537.36"
183.81.49.89 - - [16/Jul/2019:14:05:21 +0000] "GET /wp-content/themes/online-shop/assets/library/theia-sticky-sidebar/theia-sticky-sidebar.min.js?ver=1.7.0 HTTP/1.1" 200 2124 "http://ec2-18-222-53-144.us-east-2.compute.amazonaws.com/" "Mozilla/5.0 (Macintosh; Intel Mac OS X 10_12_6) AppleWebKit/537.36 (KHTML, like Gecko) Chrome/75.0.3770.100 Safari/537.36"
183.81.49.89 - - [16/Jul/2019:14:05:21 +0000] "GET /wp-content/themes/online-shop/assets/js/custom.js?ver=1.3.2 HTTP/1.1" 200 2664 "http://ec2-18-222-53-144.us-east-2.compute.amazonaws.com/" "Mozilla/5.0 (Macintosh; Intel Mac OS X 10_12_6) AppleWebKit/537.36 (KHTML, like Gecko) Chrome/75.0.3770.100 Safari/537.36"
183.81.49.89 - - [16/Jul/2019:14:05:21 +0000] "GET /wp-includes/js/wp-embed.min.js?ver=5.2.2 HTTP/1.1" 200 1102 "http://ec2-18-222-53-144.us-east-2.compute.amazonaws.com/" "Mozilla/5.0 (Macintosh; Intel Mac OS X 10_12_6) AppleWebKit/537.36 (KHTML, like Gecko) Chrome/75.0.3770.100 Safari/537.36"
183.81.49.89 - - [16/Jul/2019:14:05:21 +0000] "GET /wp-includes/js/underscore.min.js?ver=1.8.3 HTTP/1.1" 200 6062 "http://ec2-18-222-53-144.us-east-2.compute.amazonaws.com/" "Mozilla/5.0 (Macintosh; Intel Mac OS X 10_12_6) AppleWebKit/537.36 (KHTML, like Gecko) Chrome/75.0.3770.100 Safari/537.36"
183.81.49.89 - - [16/Jul/2019:14:05:21 +0000] "GET /wp-includes/js/backbone.min.js?ver=1.2.3 HTTP/1.1" 200 7902 "http://ec2-18-222-53-144.us-east-2.compute.amazonaws.com/" "Mozilla/5.0 (Macintosh; Intel Mac OS X 10_12_6) AppleWebKit/537.36 (KHTML, like Gecko) Chrome/75.0.3770.100 Safari/537.36"
183.81.49.89 - - [16/Jul/2019:14:05:21 +0000] "GET /wp-content/uploads/2017/12/student-849820_640-3.jpg HTTP/1.1" 200 46851 "http://ec2-18-222-53-144.us-east-2.compute.amazonaws.com/" "Mozilla/5.0 (Macintosh; Intel Mac OS X 10_12_6) AppleWebKit/537.36 (KHTML, like Gecko) Chrome/75.0.3770.100 Safari/537.36"
183.81.49.89 - - [16/Jul/2019:14:05:21 +0000] "GET /wp-includes/js/wp-emoji-release.min.js?ver=5.2.2 HTTP/1.1" 200 4973 "http://ec2-18-222-53-144.us-east-2.compute.amazonaws.com/" "Mozilla/5.0 (Macintosh; Intel Mac OS X 10_12_6) AppleWebKit/537.36 (KHTML, like Gecko) Chrome/75.0.3770.100 Safari/537.36"
183.81.49.89 - - [16/Jul/2019:14:05:22 +0000] "GET /wp-content/uploads/2017/12/monitor-1276949_640-3.jpg HTTP/1.1" 200 31466 "http://ec2-18-222-53-144.us-east-2.compute.amazonaws.com/" "Mozilla/5.0 (Macintosh; Intel Mac OS X 10_12_6) AppleWebKit/537.36 (KHTML, like Gecko) Chrome/75.0.3770.100 Safari/537.36"
183.81.49.89 - - [16/Jul/2019:14:05:22 +0000] "GET /wp-content/uploads/2017/12/student-849820_640-3.jpg HTTP/1.1" 200 46851 "http://ec2-18-222-53-144.us-east-2.compute.amazonaws.com/" "Mozilla/5.0 (Macintosh; Intel Mac OS X 10_12_6) AppleWebKit/537.36 (KHTML, like Gecko) Chrome/75.0.3770.100 Safari/537.36"
183.81.49.89 - - [16/Jul/2019:14:05:22 +0000] "GET /wp-content/uploads/2017/12/monitor-1276949_640-3.jpg HTTP/1.1" 200 31466 "http://ec2-18-222-53-144.us-east-2.compute.amazonaws.com/" "Mozilla/5.0 (Macintosh; Intel Mac OS X 10_12_6) AppleWebKit/537.36 (KHTML, like Gecko) Chrome/75.0.3770.100 Safari/537.36"
183.81.49.89 - - [16/Jul/2019:14:05:22 +0000] "GET /wp-content/uploads/2017/12/shoelace-2211181_640-3.jpg HTTP/1.1" 200 48885 "http://ec2-18-222-53-144.us-east-2.compute.amazonaws.com/" "Mozilla/5.0 (Macintosh; Intel Mac OS X 10_12_6) AppleWebKit/537.36 (KHTML, like Gecko) Chrome/75.0.3770.100 Safari/537.36"
183.81.49.89 - - [16/Jul/2019:14:05:22 +0000] "GET /wp-content/uploads/2017/12/online-shop-ads-3.jpg HTTP/1.1" 200 10284 "http://ec2-18-222-53-144.us-east-2.compute.amazonaws.com/" "Mozilla/5.0 (Macintosh; Intel Mac OS X 10_12_6) AppleWebKit/537.36 (KHTML, like Gecko) Chrome/75.0.3770.100 Safari/537.36"
183.81.49.89 - - [16/Jul/2019:14:05:22 +0000] "GET /wp-content/uploads/2017/12/raspberry-2023404_640-3.jpg HTTP/1.1" 200 111808 "http://ec2-18-222-53-144.us-east-2.compute.amazonaws.com/" "Mozilla/5.0 (Macintosh; Intel Mac OS X 10_12_6) AppleWebKit/537.36 (KHTML, like Gecko) Chrome/75.0.3770.100 Safari/537.36"
183.81.49.89 - - [16/Jul/2019:14:05:22 +0000] "GET /wp-content/uploads/2017/12/pizza-2978377_640-3.jpg HTTP/1.1" 200 82335 "http://ec2-18-222-53-144.us-east-2.compute.amazonaws.com/" "Mozilla/5.0 (Macintosh; Intel Mac OS X 10_12_6) AppleWebKit/537.36 (KHTML, like Gecko) Chrome/75.0.3770.100 Safari/537.36"
183.81.49.89 - - [16/Jul/2019:14:05:22 +0000] "GET /wp-content/uploads/2013/06/hoodie_2_front-1.jpg HTTP/1.1" 200 104436 "http://ec2-18-222-53-144.us-east-2.compute.amazonaws.com/" "Mozilla/5.0 (Macintosh; Intel Mac OS X 10_12_6) AppleWebKit/537.36 (KHTML, like Gecko) Chrome/75.0.3770.100 Safari/537.36"
183.81.49.89 - - [16/Jul/2019:14:05:22 +0000] "GET /wp-content/uploads/2017/12/christmas-2951662_640-1.jpg HTTP/1.1" 200 35809 "http://ec2-18-222-53-144.us-east-2.compute.amazonaws.com/" "Mozilla/5.0 (Macintosh; Intel Mac OS X 10_12_6) AppleWebKit/537.36 (KHTML, like Gecko) Chrome/75.0.3770.100 Safari/537.36"
183.81.49.89 - - [16/Jul/2019:14:05:22 +0000] "GET /wp-content/uploads/2017/12/adult-1868988_640-2.jpg HTTP/1.1" 200 38705 "http://ec2-18-222-53-144.us-east-2.compute.amazonaws.com/" "Mozilla/5.0 (Macintosh; Intel Mac OS X 10_12_6) AppleWebKit/537.36 (KHTML, like Gecko) Chrome/75.0.3770.100 Safari/537.36"
183.81.49.89 - - [16/Jul/2019:14:05:22 +0000] "GET /wp-content/uploads/2013/06/poster_5_up-1.jpg HTTP/1.1" 200 62019 "http://ec2-18-222-53-144.us-east-2.compute.amazonaws.com/" "Mozilla/5.0 (Macintosh; Intel Mac OS X 10_12_6) AppleWebKit/537.36 (KHTML, like Gecko) Chrome/75.0.3770.100 Safari/537.36"
183.81.49.89 - - [16/Jul/2019:14:05:22 +0000] "GET /wp-content/uploads/2013/06/cd_4_angle-2.jpg HTTP/1.1" 200 90771 "http://ec2-18-222-53-144.us-east-2.compute.amazonaws.com/" "Mozilla/5.0 (Macintosh; Intel Mac OS X 10_12_6) AppleWebKit/537.36 (KHTML, like Gecko) Chrome/75.0.3770.100 Safari/537.36"
183.81.49.89 - - [16/Jul/2019:14:05:22 +0000] "GET /wp-content/uploads/2017/12/sunglasses-347581_640-3.jpg HTTP/1.1" 200 12370 "http://ec2-18-222-53-144.us-east-2.compute.amazonaws.com/" "Mozilla/5.0 (Macintosh; Intel Mac OS X 10_12_6) AppleWebKit/537.36 (KHTML, like Gecko) Chrome/75.0.3770.100 Safari/537.36"
183.81.49.89 - - [16/Jul/2019:14:05:23 +0000] "GET /wp-content/uploads/2017/12/legs-1627988_640-3.jpg HTTP/1.1" 200 91812 "http://ec2-18-222-53-144.us-east-2.compute.amazonaws.com/" "Mozilla/5.0 (Macintosh; Intel Mac OS X 10_12_6) AppleWebKit/537.36 (KHTML, like Gecko) Chrome/75.0.3770.100 Safari/537.36"
183.81.49.89 - - [16/Jul/2019:14:05:23 +0000] "GET /wp-content/plugins/woocommerce/assets/css/woocommerce-smallscreen.css?ver=3.6.5 HTTP/1.1" 200 1392 "http://ec2-18-222-53-144.us-east-2.compute.amazonaws.com/" "Mozilla/5.0 (Macintosh; Intel Mac OS X 10_12_6) AppleWebKit/537.36 (KHTML, like Gecko) Chrome/75.0.3770.100 Safari/537.36"
183.81.49.89 - - [16/Jul/2019:14:05:23 +0000] "POST /?wc-ajax=get_refreshed_fragments HTTP/1.1" 200 905 "http://ec2-18-222-53-144.us-east-2.compute.amazonaws.com/" "Mozilla/5.0 (Macintosh; Intel Mac OS X 10_12_6) AppleWebKit/537.36 (KHTML, like Gecko) Chrome/75.0.3770.100 Safari/537.36"
183.81.49.89 - - [16/Jul/2019:14:05:23 +0000] "GET /wp-admin/admin.php?page=stats&noheader&proxy&chart=admin-bar-hours-scale-2x HTTP/1.1" 200 998 "http://ec2-18-222-53-144.us-east-2.compute.amazonaws.com/" "Mozilla/5.0 (Macintosh; Intel Mac OS X 10_12_6) AppleWebKit/537.36 (KHTML, like Gecko) Chrome/75.0.3770.100 Safari/537.36"
183.81.49.89 - - [16/Jul/2019:14:05:24 +0000] "GET /favicon.ico HTTP/1.1" 404 540 "http://ec2-18-222-53-144.us-east-2.compute.amazonaws.com/" "Mozilla/5.0 (Macintosh; Intel Mac OS X 10_12_6) AppleWebKit/537.36 (KHTML, like Gecko) Chrome/75.0.3770.100 Safari/537.36"
183.81.49.89 - - [16/Jul/2019:14:05:28 +0000] "GET /wp-admin/themes.php HTTP/1.1" 200 15889 "http://ec2-18-222-53-144.us-east-2.compute.amazonaws.com/" "Mozilla/5.0 (Macintosh; Intel Mac OS X 10_12_6) AppleWebKit/537.36 (KHTML, like Gecko) Chrome/75.0.3770.100 Safari/537.36"
183.81.49.89 - - [16/Jul/2019:14:05:29 +0000] "GET /wp-includes/js/thickbox/thickbox.css?ver=5.2.2 HTTP/1.1" 200 1268 "http://ec2-18-222-53-144.us-east-2.compute.amazonaws.com/wp-admin/themes.php" "Mozilla/5.0 (Macintosh; Intel Mac OS X 10_12_6) AppleWebKit/537.36 (KHTML, like Gecko) Chrome/75.0.3770.100 Safari/537.36"
183.81.49.89 - - [16/Jul/2019:14:05:29 +0000] "GET /wp-admin/load-styles.php?c=0&dir=ltr&load%5B%5D=dashicons,admin-bar,common,forms,admin-menu,dashboard,list-tables,edit,revisions,media,themes,about,nav-menus,wp-pointer,widgets&load%5B%5D=,site-icon,l10n,buttons,wp-auth-check,wp-jquery-ui-dialog&ver=5.2.2 HTTP/1.1" 200 85033 "http://ec2-18-222-53-144.us-east-2.compute.amazonaws.com/wp-admin/themes.php" "Mozilla/5.0 (Macintosh; Intel Mac OS X 10_12_6) AppleWebKit/537.36 (KHTML, like Gecko) Chrome/75.0.3770.100 Safari/537.36"
183.81.49.89 - - [16/Jul/2019:14:05:29 +0000] "GET /wp-content/plugins/yith-woocommerce-wishlist/plugin-fw/assets/css/admin.css?ver=3.3.3 HTTP/1.1" 200 1102 "http://ec2-18-222-53-144.us-east-2.compute.amazonaws.com/wp-admin/themes.php" "Mozilla/5.0 (Macintosh; Intel Mac OS X 10_12_6) AppleWebKit/537.36 (KHTML, like Gecko) Chrome/75.0.3770.100 Safari/537.36"
183.81.49.89 - - [16/Jul/2019:14:05:29 +0000] "GET /wp-content/plugins/jetpack/css/jetpack-icons.min.css?ver=7.5.2 HTTP/1.1" 200 651 "http://ec2-18-222-53-144.us-east-2.compute.amazonaws.com/wp-admin/themes.php" "Mozilla/5.0 (Macintosh; Intel Mac OS X 10_12_6) AppleWebKit/537.36 (KHTML, like Gecko) Chrome/75.0.3770.100 Safari/537.36"
183.81.49.89 - - [16/Jul/2019:14:05:29 +0000] "GET /wp-content/plugins/woocommerce/assets/css/menu.css?ver=3.6.5 HTTP/1.1" 200 1647 "http://ec2-18-222-53-144.us-east-2.compute.amazonaws.com/wp-admin/themes.php" "Mozilla/5.0 (Macintosh; Intel Mac OS X 10_12_6) AppleWebKit/537.36 (KHTML, like Gecko) Chrome/75.0.3770.100 Safari/537.36"
183.81.49.89 - - [16/Jul/2019:14:05:30 +0000] "GET /wp-content/plugins/jetpack/vendor/automattic/jetpack-jitm/assets/jetpack-admin-jitm.css?ver=1.0-201243242 HTTP/1.1" 200 2949 "http://ec2-18-222-53-144.us-east-2.compute.amazonaws.com/wp-admin/themes.php" "Mozilla/5.0 (Macintosh; Intel Mac OS X 10_12_6) AppleWebKit/537.36 (KHTML, like Gecko) Chrome/75.0.3770.100 Safari/537.36"
183.81.49.89 - - [16/Jul/2019:14:05:30 +0000] "GET /wp-content/themes/online-shop/acmethemes/at-theme-info/css/at-theme-info.css?ver=5.2.2 HTTP/1.1" 200 2047 "http://ec2-18-222-53-144.us-east-2.compute.amazonaws.com/wp-admin/themes.php" "Mozilla/5.0 (Macintosh; Intel Mac OS X 10_12_6) AppleWebKit/537.36 (KHTML, like Gecko) Chrome/75.0.3770.100 Safari/537.36"
183.81.49.89 - - [16/Jul/2019:14:05:30 +0000] "GET /wp-admin/load-scripts.php?c=0&load%5B%5D=jquery-core,jquery-migrate,utils&ver=5.2.2 HTTP/1.1" 200 38193 "http://ec2-18-222-53-144.us-east-2.compute.amazonaws.com/wp-admin/themes.php" "Mozilla/5.0 (Macintosh; Intel Mac OS X 10_12_6) AppleWebKit/537.36 (KHTML, like Gecko) Chrome/75.0.3770.100 Safari/537.36"
183.81.49.89 - - [16/Jul/2019:14:05:30 +0000] "GET /wp-content/plugins/yith-woocommerce-wishlist/plugin-fw/assets/images/yith-icon.svg HTTP/1.1" 200 2195 "http://ec2-18-222-53-144.us-east-2.compute.amazonaws.com/wp-admin/themes.php" "Mozilla/5.0 (Macintosh; Intel Mac OS X 10_12_6) AppleWebKit/537.36 (KHTML, like Gecko) Chrome/75.0.3770.100 Safari/537.36"
183.81.49.89 - - [16/Jul/2019:14:05:30 +0000] "GET /wp-content/themes/online-shop/screenshot.jpg HTTP/1.1" 200 353222 "http://ec2-18-222-53-144.us-east-2.compute.amazonaws.com/wp-admin/themes.php" "Mozilla/5.0 (Macintosh; Intel Mac OS X 10_12_6) AppleWebKit/537.36 (KHTML, like Gecko) Chrome/75.0.3770.100 Safari/537.36"
183.81.49.89 - - [16/Jul/2019:14:05:30 +0000] "GET /wp-admin/load-scripts.php?c=0&load%5B%5D=hoverIntent,common,admin-bar,thickbox,underscore,backbone,wp-util,wp-backbone,wp-a11y,customize-base,theme,updates,svg-painter&ver=5.2.2 HTTP/1.1" 200 43333 "http://ec2-18-222-53-144.us-east-2.compute.amazonaws.com/wp-admin/themes.php" "Mozilla/5.0 (Macintosh; Intel Mac OS X 10_12_6) AppleWebKit/537.36 (KHTML, like Gecko) Chrome/75.0.3770.100 Safari/537.36"
183.81.49.89 - - [16/Jul/2019:14:05:30 +0000] "GET /wp-includes/js/dist/hooks.min.js?ver=2.2.0 HTTP/1.1" 200 2063 "http://ec2-18-222-53-144.us-east-2.compute.amazonaws.com/wp-admin/themes.php" "Mozilla/5.0 (Macintosh; Intel Mac OS X 10_12_6) AppleWebKit/537.36 (KHTML, like Gecko) Chrome/75.0.3770.100 Safari/537.36"
183.81.49.89 - - [16/Jul/2019:14:05:30 +0000] "GET /wp-includes/js/heartbeat.min.js?ver=5.2.2 HTTP/1.1" 200 2397 "http://ec2-18-222-53-144.us-east-2.compute.amazonaws.com/wp-admin/themes.php" "Mozilla/5.0 (Macintosh; Intel Mac OS X 10_12_6) AppleWebKit/537.36 (KHTML, like Gecko) Chrome/75.0.3770.100 Safari/537.36"
183.81.49.89 - - [16/Jul/2019:14:05:30 +0000] "GET /wp-includes/js/wp-auth-check.min.js?ver=5.2.2 HTTP/1.1" 200 1130 "http://ec2-18-222-53-144.us-east-2.compute.amazonaws.com/wp-admin/themes.php" "Mozilla/5.0 (Macintosh; Intel Mac OS X 10_12_6) AppleWebKit/537.36 (KHTML, like Gecko) Chrome/75.0.3770.100 Safari/537.36"
183.81.49.89 - - [16/Jul/2019:14:05:30 +0000] "GET /wp-content/plugins/woocommerce/assets/fonts/WooCommerce.woff HTTP/1.1" 200 14475 "http://ec2-18-222-53-144.us-east-2.compute.amazonaws.com/wp-content/plugins/woocommerce/assets/css/menu.css?ver=3.6.5" "Mozilla/5.0 (Macintosh; Intel Mac OS X 10_12_6) AppleWebKit/537.36 (KHTML, like Gecko) Chrome/75.0.3770.100 Safari/537.36"
183.81.49.89 - - [16/Jul/2019:14:05:30 +0000] "GET /wp-content/plugins/jetpack/_inc/fonts/jetpack/jetpack.woff HTTP/1.1" 200 1353 "http://ec2-18-222-53-144.us-east-2.compute.amazonaws.com/wp-content/plugins/jetpack/css/jetpack-icons.min.css?ver=7.5.2" "Mozilla/5.0 (Macintosh; Intel Mac OS X 10_12_6) AppleWebKit/537.36 (KHTML, like Gecko) Chrome/75.0.3770.100 Safari/537.36"
183.81.49.89 - - [16/Jul/2019:14:05:30 +0000] "GET /wp-content/themes/twentynineteen/screenshot.png HTTP/1.1" 200 175824 "http://ec2-18-222-53-144.us-east-2.compute.amazonaws.com/wp-admin/themes.php" "Mozilla/5.0 (Macintosh; Intel Mac OS X 10_12_6) AppleWebKit/537.36 (KHTML, like Gecko) Chrome/75.0.3770.100 Safari/537.36"
183.81.49.89 - - [16/Jul/2019:14:05:31 +0000] "GET /wp-includes/js/dist/vendor/wp-polyfill.min.js?ver=7.0.0 HTTP/1.1" 200 33220 "http://ec2-18-222-53-144.us-east-2.compute.amazonaws.com/wp-admin/themes.php" "Mozilla/5.0 (Macintosh; Intel Mac OS X 10_12_6) AppleWebKit/537.36 (KHTML, like Gecko) Chrome/75.0.3770.100 Safari/537.36"
183.81.49.89 - - [16/Jul/2019:14:05:31 +0000] "GET /wp-content/themes/fictional-university/screenshot.png HTTP/1.1" 200 991430 "http://ec2-18-222-53-144.us-east-2.compute.amazonaws.com/wp-admin/themes.php" "Mozilla/5.0 (Macintosh; Intel Mac OS X 10_12_6) AppleWebKit/537.36 (KHTML, like Gecko) Chrome/75.0.3770.100 Safari/537.36"
183.81.49.89 - - [16/Jul/2019:14:05:31 +0000] "GET /wp-content/themes/shuttle-shop/screenshot.png HTTP/1.1" 200 1206348 "http://ec2-18-222-53-144.us-east-2.compute.amazonaws.com/wp-admin/themes.php" "Mozilla/5.0 (Macintosh; Intel Mac OS X 10_12_6) AppleWebKit/537.36 (KHTML, like Gecko) Chrome/75.0.3770.100 Safari/537.36"
183.81.49.89 - - [16/Jul/2019:14:05:31 +0000] "GET /wp-content/themes/shuttle-shop-child/screenshot.png HTTP/1.1" 200 205829 "http://ec2-18-222-53-144.us-east-2.compute.amazonaws.com/wp-admin/themes.php" "Mozilla/5.0 (Macintosh; Intel Mac OS X 10_12_6) AppleWebKit/537.36 (KHTML, like Gecko) Chrome/75.0.3770.100 Safari/537.36"
183.81.49.89 - - [16/Jul/2019:14:05:31 +0000] "GET /wp-content/themes/shuttle/screenshot.png HTTP/1.1" 200 205829 "http://ec2-18-222-53-144.us-east-2.compute.amazonaws.com/wp-admin/themes.php" "Mozilla/5.0 (Macintosh; Intel Mac OS X 10_12_6) AppleWebKit/537.36 (KHTML, like Gecko) Chrome/75.0.3770.100 Safari/537.36"
183.81.49.89 - - [16/Jul/2019:14:05:31 +0000] "GET /wp-content/plugins/jetpack/_inc/lib/tracks/tracks-ajax.js?ver=7.5.2 HTTP/1.1" 200 1146 "http://ec2-18-222-53-144.us-east-2.compute.amazonaws.com/wp-admin/themes.php" "Mozilla/5.0 (Macintosh; Intel Mac OS X 10_12_6) AppleWebKit/537.36 (KHTML, like Gecko) Chrome/75.0.3770.100 Safari/537.36"
183.81.49.89 - - [16/Jul/2019:14:05:32 +0000] "GET /wp-content/plugins/jetpack/_inc/build/jetpack-jitm.min.js?ver=1.0 HTTP/1.1" 200 1895 "http://ec2-18-222-53-144.us-east-2.compute.amazonaws.com/wp-admin/themes.php" "Mozilla/5.0 (Macintosh; Intel Mac OS X 10_12_6) AppleWebKit/537.36 (KHTML, like Gecko) Chrome/75.0.3770.100 Safari/537.36"
183.81.49.89 - - [16/Jul/2019:14:05:32 +0000] "GET /wp-content/themes/twentyseventeen/screenshot.png HTTP/1.1" 200 364122 "http://ec2-18-222-53-144.us-east-2.compute.amazonaws.com/wp-admin/themes.php" "Mozilla/5.0 (Macintosh; Intel Mac OS X 10_12_6) AppleWebKit/537.36 (KHTML, like Gecko) Chrome/75.0.3770.100 Safari/537.36"
183.81.49.89 - - [16/Jul/2019:14:05:32 +0000] "GET /wp-content/themes/twentysixteen/screenshot.png HTTP/1.1" 200 463844 "http://ec2-18-222-53-144.us-east-2.compute.amazonaws.com/wp-admin/themes.php" "Mozilla/5.0 (Macintosh; Intel Mac OS X 10_12_6) AppleWebKit/537.36 (KHTML, like Gecko) Chrome/75.0.3770.100 Safari/537.36"
183.81.49.89 - - [16/Jul/2019:14:05:32 +0000] "GET /wp-includes/js/thickbox/loadingAnimation.gif HTTP/1.1" 200 15525 "http://ec2-18-222-53-144.us-east-2.compute.amazonaws.com/wp-admin/themes.php" "Mozilla/5.0 (Macintosh; Intel Mac OS X 10_12_6) AppleWebKit/537.36 (KHTML, like Gecko) Chrome/75.0.3770.100 Safari/537.36"
183.81.49.89 - - [16/Jul/2019:14:05:32 +0000] "GET /index.php/wp-json/jetpack/v4/jitm?message_path=wp%3Athemes%3Aadmin_notices&query=&_wpnonce=b538594c68 HTTP/1.1" 200 1739 "http://ec2-18-222-53-144.us-east-2.compute.amazonaws.com/wp-admin/themes.php" "Mozilla/5.0 (Macintosh; Intel Mac OS X 10_12_6) AppleWebKit/537.36 (KHTML, like Gecko) Chrome/75.0.3770.100 Safari/537.36"
183.81.49.89 - - [16/Jul/2019:14:05:43 +0000] "GET /wp-admin/themes.php?action=activate&stylesheet=fictional-university&_wpnonce=6cefaa79ff HTTP/1.1" 302 622 "http://ec2-18-222-53-144.us-east-2.compute.amazonaws.com/wp-admin/themes.php" "Mozilla/5.0 (Macintosh; Intel Mac OS X 10_12_6) AppleWebKit/537.36 (KHTML, like Gecko) Chrome/75.0.3770.100 Safari/537.36"
172.31.19.55 - - [16/Jul/2019:14:05:44 +0000] "POST /wp-admin/admin-ajax.php?action=wp_1_wc_regenerate_images&nonce=c7c7864dac HTTP/1.1" 200 509 "-" "WordPress/5.2.2; http://ec2-18-222-53-144.us-east-2.compute.amazonaws.com"
172.31.19.55 - - [16/Jul/2019:14:05:44 +0000] "POST /wp-admin/admin-ajax.php?action=wp_1_wc_regenerate_images&nonce=c7c7864dac HTTP/1.1" 200 509 "-" "WordPress/5.2.2; http://ec2-18-222-53-144.us-east-2.compute.amazonaws.com"
172.31.19.55 - - [16/Jul/2019:14:05:45 +0000] "POST /wp-admin/admin-ajax.php?action=wp_1_wc_regenerate_images&nonce=c7c7864dac HTTP/1.1" 200 509 "-" "WordPress/5.2.2; http://ec2-18-222-53-144.us-east-2.compute.amazonaws.com"
172.31.19.55 - - [16/Jul/2019:14:05:18 +0000] "POST /wp-cron.php?doing_wp_cron=1563285918.6880741119384765625000 HTTP/1.1" 200 166 "-" "WordPress/5.2.2; http://ec2-18-222-53-144.us-east-2.compute.amazonaws.com"
172.31.19.55 - - [16/Jul/2019:14:05:45 +0000] "POST /wp-admin/admin-ajax.php?action=wp_1_wc_regenerate_images&nonce=c7c7864dac HTTP/1.1" 200 509 "-" "WordPress/5.2.2; http://ec2-18-222-53-144.us-east-2.compute.amazonaws.com"
172.31.19.55 - - [16/Jul/2019:14:05:45 +0000] "POST /wp-admin/admin-ajax.php?action=wp_1_wc_regenerate_images&nonce=c7c7864dac HTTP/1.1" 200 509 "-" "WordPress/5.2.2; http://ec2-18-222-53-144.us-east-2.compute.amazonaws.com"
172.31.19.55 - - [16/Jul/2019:14:05:46 +0000] "POST /wp-admin/admin-ajax.php?action=wp_1_wc_regenerate_images&nonce=c7c7864dac HTTP/1.1" 200 509 "-" "WordPress/5.2.2; http://ec2-18-222-53-144.us-east-2.compute.amazonaws.com"
172.31.19.55 - - [16/Jul/2019:14:05:46 +0000] "POST /wp-cron.php?doing_wp_cron=1563285946.3601579666137695312500 HTTP/1.1" 200 166 "-" "WordPress/5.2.2; http://ec2-18-222-53-144.us-east-2.compute.amazonaws.com"
172.31.19.55 - - [16/Jul/2019:14:05:46 +0000] "POST /wp-admin/admin-ajax.php?action=wp_1_wc_regenerate_images&nonce=c7c7864dac HTTP/1.1" 200 509 "-" "WordPress/5.2.2; http://ec2-18-222-53-144.us-east-2.compute.amazonaws.com"
172.31.19.55 - - [16/Jul/2019:14:05:46 +0000] "POST /wp-admin/admin-ajax.php?action=wp_1_wc_regenerate_images&nonce=16f68c93e5 HTTP/1.1" 200 466 "-" "WordPress/5.2.2; http://ec2-18-222-53-144.us-east-2.compute.amazonaws.com"
172.31.19.55 - - [16/Jul/2019:14:05:47 +0000] "POST /wp-admin/admin-ajax.php?action=wp_1_wc_regenerate_images&nonce=c7c7864dac HTTP/1.1" 200 509 "-" "WordPress/5.2.2; http://ec2-18-222-53-144.us-east-2.compute.amazonaws.com"
172.31.19.55 - - [16/Jul/2019:14:05:47 +0000] "POST /wp-admin/admin-ajax.php?action=wp_1_wc_regenerate_images&nonce=16f68c93e5 HTTP/1.1" 200 470 "-" "WordPress/5.2.2; http://ec2-18-222-53-144.us-east-2.compute.amazonaws.com"
172.31.19.55 - - [16/Jul/2019:14:05:47 +0000] "POST /wp-admin/admin-ajax.php?action=wp_1_wc_regenerate_images&nonce=c7c7864dac HTTP/1.1" 200 509 "-" "WordPress/5.2.2; http://ec2-18-222-53-144.us-east-2.compute.amazonaws.com"
172.31.19.55 - - [16/Jul/2019:14:05:47 +0000] "POST /wp-admin/admin-ajax.php?action=wp_1_wc_regenerate_images&nonce=16f68c93e5 HTTP/1.1" 200 466 "-" "WordPress/5.2.2; http://ec2-18-222-53-144.us-east-2.compute.amazonaws.com"
172.31.19.55 - - [16/Jul/2019:14:05:48 +0000] "POST /wp-admin/admin-ajax.php?action=wp_1_wc_regenerate_images&nonce=c7c7864dac HTTP/1.1" 200 509 "-" "WordPress/5.2.2; http://ec2-18-222-53-144.us-east-2.compute.amazonaws.com"
172.31.19.55 - - [16/Jul/2019:14:05:48 +0000] "POST /wp-admin/admin-ajax.php?action=wp_1_wc_regenerate_images&nonce=16f68c93e5 HTTP/1.1" 200 466 "-" "WordPress/5.2.2; http://ec2-18-222-53-144.us-east-2.compute.amazonaws.com"
172.31.19.55 - - [16/Jul/2019:14:05:48 +0000] "POST /wp-admin/admin-ajax.php?action=wp_1_wc_regenerate_images&nonce=c7c7864dac HTTP/1.1" 200 509 "-" "WordPress/5.2.2; http://ec2-18-222-53-144.us-east-2.compute.amazonaws.com"
172.31.19.55 - - [16/Jul/2019:14:05:48 +0000] "POST /wp-admin/admin-ajax.php?action=wp_1_wc_regenerate_images&nonce=16f68c93e5 HTTP/1.1" 200 466 "-" "WordPress/5.2.2; http://ec2-18-222-53-144.us-east-2.compute.amazonaws.com"
172.31.19.55 - - [16/Jul/2019:14:05:49 +0000] "POST /wp-admin/admin-ajax.php?action=wp_1_wc_regenerate_images&nonce=c7c7864dac HTTP/1.1" 200 509 "-" "WordPress/5.2.2; http://ec2-18-222-53-144.us-east-2.compute.amazonaws.com"
172.31.19.55 - - [16/Jul/2019:14:05:49 +0000] "POST /wp-admin/admin-ajax.php?action=wp_1_wc_regenerate_images&nonce=16f68c93e5 HTTP/1.1" 200 468 "-" "WordPress/5.2.2; http://ec2-18-222-53-144.us-east-2.compute.amazonaws.com"
172.31.19.55 - - [16/Jul/2019:14:05:49 +0000] "POST /wp-admin/admin-ajax.php?action=wp_1_wc_regenerate_images&nonce=c7c7864dac HTTP/1.1" 200 509 "-" "WordPress/5.2.2; http://ec2-18-222-53-144.us-east-2.compute.amazonaws.com"
183.81.49.89 - - [16/Jul/2019:14:05:50 +0000] "GET /wp-admin/themes.php?action=activate&stylesheet=fictional-university&_wpnonce=6cefaa79ff HTTP/1.1" 302 622 "http://ec2-18-222-53-144.us-east-2.compute.amazonaws.com/wp-admin/themes.php" "Mozilla/5.0 (Macintosh; Intel Mac OS X 10_12_6) AppleWebKit/537.36 (KHTML, like Gecko) Chrome/75.0.3770.100 Safari/537.36"
172.31.19.55 - - [16/Jul/2019:14:05:49 +0000] "POST /wp-admin/admin-ajax.php?action=wp_1_wc_regenerate_images&nonce=16f68c93e5 HTTP/1.1" 200 466 "-" "WordPress/5.2.2; http://ec2-18-222-53-144.us-east-2.compute.amazonaws.com"
172.31.19.55 - - [16/Jul/2019:14:05:50 +0000] "POST /wp-admin/admin-ajax.php?action=wp_1_wc_regenerate_images&nonce=c7c7864dac HTTP/1.1" 200 509 "-" "WordPress/5.2.2; http://ec2-18-222-53-144.us-east-2.compute.amazonaws.com"
172.31.19.55 - - [16/Jul/2019:14:05:50 +0000] "POST /wp-admin/admin-ajax.php?action=wp_1_wc_regenerate_images&nonce=16f68c93e5 HTTP/1.1" 200 466 "-" "WordPress/5.2.2; http://ec2-18-222-53-144.us-east-2.compute.amazonaws.com"
172.31.19.55 - - [16/Jul/2019:14:05:51 +0000] "POST /wp-admin/admin-ajax.php?action=wp_1_wc_regenerate_images&nonce=c7c7864dac HTTP/1.1" 200 509 "-" "WordPress/5.2.2; http://ec2-18-222-53-144.us-east-2.compute.amazonaws.com"
183.81.49.89 - - [16/Jul/2019:14:05:51 +0000] "GET /wp-admin/themes.php?activated=true HTTP/1.1" 200 15764 "http://ec2-18-222-53-144.us-east-2.compute.amazonaws.com/wp-admin/themes.php" "Mozilla/5.0 (Macintosh; Intel Mac OS X 10_12_6) AppleWebKit/537.36 (KHTML, like Gecko) Chrome/75.0.3770.100 Safari/537.36"
172.31.19.55 - - [16/Jul/2019:14:05:51 +0000] "POST /wp-admin/admin-ajax.php?action=wp_1_wc_regenerate_images&nonce=16f68c93e5 HTTP/1.1" 200 466 "-" "WordPress/5.2.2; http://ec2-18-222-53-144.us-east-2.compute.amazonaws.com"
183.81.49.89 - - [16/Jul/2019:14:05:52 +0000] "GET /wp-content/themes/fictional-university/screenshot.png HTTP/1.1" 304 183 "http://ec2-18-222-53-144.us-east-2.compute.amazonaws.com/wp-admin/themes.php?activated=true" "Mozilla/5.0 (Macintosh; Intel Mac OS X 10_12_6) AppleWebKit/537.36 (KHTML, like Gecko) Chrome/75.0.3770.100 Safari/537.36"
172.31.19.55 - - [16/Jul/2019:14:05:51 +0000] "POST /wp-admin/admin-ajax.php?action=wp_1_wc_regenerate_images&nonce=c7c7864dac HTTP/1.1" 200 509 "-" "WordPress/5.2.2; http://ec2-18-222-53-144.us-east-2.compute.amazonaws.com"
172.31.19.55 - - [16/Jul/2019:14:05:52 +0000] "POST /wp-admin/admin-ajax.php?action=wp_1_wc_regenerate_images&nonce=16f68c93e5 HTTP/1.1" 200 470 "-" "WordPress/5.2.2; http://ec2-18-222-53-144.us-east-2.compute.amazonaws.com"
183.81.49.89 - - [16/Jul/2019:14:05:44 +0000] "GET /wp-admin/themes.php?activated=true HTTP/1.1" 200 15763 "http://ec2-18-222-53-144.us-east-2.compute.amazonaws.com/wp-admin/themes.php" "Mozilla/5.0 (Macintosh; Intel Mac OS X 10_12_6) AppleWebKit/537.36 (KHTML, like Gecko) Chrome/75.0.3770.100 Safari/537.36"
172.31.19.55 - - [16/Jul/2019:14:05:52 +0000] "POST /wp-admin/admin-ajax.php?action=wp_1_wc_regenerate_images&nonce=c7c7864dac HTTP/1.1" 200 509 "-" "WordPress/5.2.2; http://ec2-18-222-53-144.us-east-2.compute.amazonaws.com"
172.31.19.55 - - [16/Jul/2019:14:05:52 +0000] "POST /wp-admin/admin-ajax.php?action=wp_1_wc_regenerate_images&nonce=16f68c93e5 HTTP/1.1" 200 472 "-" "WordPress/5.2.2; http://ec2-18-222-53-144.us-east-2.compute.amazonaws.com"
172.31.19.55 - - [16/Jul/2019:14:05:53 +0000] "POST /wp-admin/admin-ajax.php?action=wp_1_wc_regenerate_images&nonce=c7c7864dac HTTP/1.1" 200 509 "-" "WordPress/5.2.2; http://ec2-18-222-53-144.us-east-2.compute.amazonaws.com"
183.81.49.89 - - [16/Jul/2019:14:05:52 +0000] "GET /index.php/wp-json/jetpack/v4/jitm?message_path=wp%3Athemes%3Aadmin_notices&query=activated%253Dtrue&_wpnonce=b538594c68 HTTP/1.1" 200 1739 "http://ec2-18-222-53-144.us-east-2.compute.amazonaws.com/wp-admin/themes.php" "Mozilla/5.0 (Macintosh; Intel Mac OS X 10_12_6) AppleWebKit/537.36 (KHTML, like Gecko) Chrome/75.0.3770.100 Safari/537.36"
172.31.19.55 - - [16/Jul/2019:14:05:53 +0000] "POST /wp-admin/admin-ajax.php?action=wp_1_wc_regenerate_images&nonce=16f68c93e5 HTTP/1.1" 200 466 "-" "WordPress/5.2.2; http://ec2-18-222-53-144.us-east-2.compute.amazonaws.com"
172.31.19.55 - - [16/Jul/2019:14:05:54 +0000] "POST /wp-admin/admin-ajax.php?action=wp_1_wc_regenerate_images&nonce=c7c7864dac HTTP/1.1" 200 509 "-" "WordPress/5.2.2; http://ec2-18-222-53-144.us-east-2.compute.amazonaws.com"
172.31.19.55 - - [16/Jul/2019:14:05:54 +0000] "POST /wp-admin/admin-ajax.php?action=wp_1_wc_regenerate_images&nonce=16f68c93e5 HTTP/1.1" 200 468 "-" "WordPress/5.2.2; http://ec2-18-222-53-144.us-east-2.compute.amazonaws.com"
172.31.19.55 - - [16/Jul/2019:14:05:54 +0000] "POST /wp-admin/admin-ajax.php?action=wp_1_wc_regenerate_images&nonce=c7c7864dac HTTP/1.1" 200 509 "-" "WordPress/5.2.2; http://ec2-18-222-53-144.us-east-2.compute.amazonaws.com"
172.31.19.55 - - [16/Jul/2019:14:05:54 +0000] "POST /wp-admin/admin-ajax.php?action=wp_1_wc_regenerate_images&nonce=16f68c93e5 HTTP/1.1" 200 466 "-" "WordPress/5.2.2; http://ec2-18-222-53-144.us-east-2.compute.amazonaws.com"
172.31.19.55 - - [16/Jul/2019:14:05:55 +0000] "POST /wp-admin/admin-ajax.php?action=wp_1_wc_regenerate_images&nonce=c7c7864dac HTTP/1.1" 200 509 "-" "WordPress/5.2.2; http://ec2-18-222-53-144.us-east-2.compute.amazonaws.com"
172.31.19.55 - - [16/Jul/2019:14:05:55 +0000] "POST /wp-admin/admin-ajax.php?action=wp_1_wc_regenerate_images&nonce=16f68c93e5 HTTP/1.1" 200 466 "-" "WordPress/5.2.2; http://ec2-18-222-53-144.us-east-2.compute.amazonaws.com"
172.31.19.55 - - [16/Jul/2019:14:05:55 +0000] "POST /wp-admin/admin-ajax.php?action=wp_1_wc_regenerate_images&nonce=c7c7864dac HTTP/1.1" 200 509 "-" "WordPress/5.2.2; http://ec2-18-222-53-144.us-east-2.compute.amazonaws.com"
172.31.19.55 - - [16/Jul/2019:14:05:55 +0000] "POST /wp-admin/admin-ajax.php?action=wp_1_wc_regenerate_images&nonce=16f68c93e5 HTTP/1.1" 200 466 "-" "WordPress/5.2.2; http://ec2-18-222-53-144.us-east-2.compute.amazonaws.com"
172.31.19.55 - - [16/Jul/2019:14:05:56 +0000] "POST /wp-admin/admin-ajax.php?action=wp_1_wc_regenerate_images&nonce=c7c7864dac HTTP/1.1" 200 509 "-" "WordPress/5.2.2; http://ec2-18-222-53-144.us-east-2.compute.amazonaws.com"
172.31.19.55 - - [16/Jul/2019:14:05:56 +0000] "POST /wp-admin/admin-ajax.php?action=wp_1_wc_regenerate_images&nonce=16f68c93e5 HTTP/1.1" 200 470 "-" "WordPress/5.2.2; http://ec2-18-222-53-144.us-east-2.compute.amazonaws.com"
172.31.19.55 - - [16/Jul/2019:14:05:56 +0000] "POST /wp-admin/admin-ajax.php?action=wp_1_wc_regenerate_images&nonce=c7c7864dac HTTP/1.1" 200 509 "-" "WordPress/5.2.2; http://ec2-18-222-53-144.us-east-2.compute.amazonaws.com"
172.31.19.55 - - [16/Jul/2019:14:05:57 +0000] "POST /wp-admin/admin-ajax.php?action=wp_1_wc_regenerate_images&nonce=16f68c93e5 HTTP/1.1" 200 468 "-" "WordPress/5.2.2; http://ec2-18-222-53-144.us-east-2.compute.amazonaws.com"
172.31.19.55 - - [16/Jul/2019:14:05:57 +0000] "POST /wp-admin/admin-ajax.php?action=wp_1_wc_regenerate_images&nonce=c7c7864dac HTTP/1.1" 200 509 "-" "WordPress/5.2.2; http://ec2-18-222-53-144.us-east-2.compute.amazonaws.com"
172.31.19.55 - - [16/Jul/2019:14:05:57 +0000] "POST /wp-admin/admin-ajax.php?action=wp_1_wc_regenerate_images&nonce=16f68c93e5 HTTP/1.1" 200 466 "-" "WordPress/5.2.2; http://ec2-18-222-53-144.us-east-2.compute.amazonaws.com"
172.31.19.55 - - [16/Jul/2019:14:05:57 +0000] "POST /wp-admin/admin-ajax.php?action=wp_1_wc_regenerate_images&nonce=c7c7864dac HTTP/1.1" 200 509 "-" "WordPress/5.2.2; http://ec2-18-222-53-144.us-east-2.compute.amazonaws.com"
172.31.19.55 - - [16/Jul/2019:14:05:58 +0000] "POST /wp-admin/admin-ajax.php?action=wp_1_wc_regenerate_images&nonce=16f68c93e5 HTTP/1.1" 200 468 "-" "WordPress/5.2.2; http://ec2-18-222-53-144.us-east-2.compute.amazonaws.com"
172.31.19.55 - - [16/Jul/2019:14:05:58 +0000] "POST /wp-admin/admin-ajax.php?action=wp_1_wc_regenerate_images&nonce=c7c7864dac HTTP/1.1" 200 509 "-" "WordPress/5.2.2; http://ec2-18-222-53-144.us-east-2.compute.amazonaws.com"
172.31.19.55 - - [16/Jul/2019:14:05:58 +0000] "POST /wp-admin/admin-ajax.php?action=wp_1_wc_regenerate_images&nonce=16f68c93e5 HTTP/1.1" 200 468 "-" "WordPress/5.2.2; http://ec2-18-222-53-144.us-east-2.compute.amazonaws.com"
172.31.19.55 - - [16/Jul/2019:14:05:59 +0000] "POST /wp-admin/admin-ajax.php?action=wp_1_wc_regenerate_images&nonce=c7c7864dac HTTP/1.1" 200 509 "-" "WordPress/5.2.2; http://ec2-18-222-53-144.us-east-2.compute.amazonaws.com"
172.31.19.55 - - [16/Jul/2019:14:05:59 +0000] "POST /wp-admin/admin-ajax.php?action=wp_1_wc_regenerate_images&nonce=16f68c93e5 HTTP/1.1" 200 466 "-" "WordPress/5.2.2; http://ec2-18-222-53-144.us-east-2.compute.amazonaws.com"
172.31.19.55 - - [16/Jul/2019:14:05:59 +0000] "POST /wp-admin/admin-ajax.php?action=wp_1_wc_regenerate_images&nonce=c7c7864dac HTTP/1.1" 200 509 "-" "WordPress/5.2.2; http://ec2-18-222-53-144.us-east-2.compute.amazonaws.com"
172.31.19.55 - - [16/Jul/2019:14:05:59 +0000] "POST /wp-admin/admin-ajax.php?action=wp_1_wc_regenerate_images&nonce=16f68c93e5 HTTP/1.1" 200 466 "-" "WordPress/5.2.2; http://ec2-18-222-53-144.us-east-2.compute.amazonaws.com"
172.31.19.55 - - [16/Jul/2019:14:06:00 +0000] "POST /wp-admin/admin-ajax.php?action=wp_1_wc_regenerate_images&nonce=c7c7864dac HTTP/1.1" 200 509 "-" "WordPress/5.2.2; http://ec2-18-222-53-144.us-east-2.compute.amazonaws.com"
172.31.19.55 - - [16/Jul/2019:14:06:00 +0000] "POST /wp-admin/admin-ajax.php?action=wp_1_wc_regenerate_images&nonce=16f68c93e5 HTTP/1.1" 200 468 "-" "WordPress/5.2.2; http://ec2-18-222-53-144.us-east-2.compute.amazonaws.com"
172.31.19.55 - - [16/Jul/2019:14:06:00 +0000] "POST /wp-admin/admin-ajax.php?action=wp_1_wc_regenerate_images&nonce=c7c7864dac HTTP/1.1" 200 509 "-" "WordPress/5.2.2; http://ec2-18-222-53-144.us-east-2.compute.amazonaws.com"
172.31.19.55 - - [16/Jul/2019:14:06:00 +0000] "POST /wp-admin/admin-ajax.php?action=wp_1_wc_regenerate_images&nonce=16f68c93e5 HTTP/1.1" 200 468 "-" "WordPress/5.2.2; http://ec2-18-222-53-144.us-east-2.compute.amazonaws.com"
183.81.49.89 - - [16/Jul/2019:14:06:00 +0000] "GET / HTTP/1.1" 200 7993 "http://ec2-18-222-53-144.us-east-2.compute.amazonaws.com/wp-admin/themes.php" "Mozilla/5.0 (Macintosh; Intel Mac OS X 10_12_6) AppleWebKit/537.36 (KHTML, like Gecko) Chrome/75.0.3770.100 Safari/537.36"
172.31.19.55 - - [16/Jul/2019:14:06:01 +0000] "POST /wp-admin/admin-ajax.php?action=wp_1_wc_regenerate_images&nonce=c7c7864dac HTTP/1.1" 200 509 "-" "WordPress/5.2.2; http://ec2-18-222-53-144.us-east-2.compute.amazonaws.com"
172.31.19.55 - - [16/Jul/2019:14:06:01 +0000] "POST /wp-admin/admin-ajax.php?action=wp_1_wc_regenerate_images&nonce=16f68c93e5 HTTP/1.1" 200 468 "-" "WordPress/5.2.2; http://ec2-18-222-53-144.us-east-2.compute.amazonaws.com"
183.81.49.89 - - [16/Jul/2019:14:06:02 +0000] "GET /wp-content/themes/fictional-university/style.css?ver=5.2.2 HTTP/1.1" 200 8195 "http://ec2-18-222-53-144.us-east-2.compute.amazonaws.com/" "Mozilla/5.0 (Macintosh; Intel Mac OS X 10_12_6) AppleWebKit/537.36 (KHTML, like Gecko) Chrome/75.0.3770.100 Safari/537.36"
183.81.49.89 - - [16/Jul/2019:14:06:02 +0000] "GET /wp-content/themes/fictional-university/js/scripts-bundled.js HTTP/1.1" 200 95836 "http://ec2-18-222-53-144.us-east-2.compute.amazonaws.com/" "Mozilla/5.0 (Macintosh; Intel Mac OS X 10_12_6) AppleWebKit/537.36 (KHTML, like Gecko) Chrome/75.0.3770.100 Safari/537.36"
183.81.49.89 - - [16/Jul/2019:14:06:02 +0000] "GET /wp-content/themes/fictional-university/images/library-hero.jpg HTTP/1.1" 200 254155 "http://ec2-18-222-53-144.us-east-2.compute.amazonaws.com/" "Mozilla/5.0 (Macintosh; Intel Mac OS X 10_12_6) AppleWebKit/537.36 (KHTML, like Gecko) Chrome/75.0.3770.100 Safari/537.36"
183.81.49.89 - - [16/Jul/2019:14:06:02 +0000] "GET /wp-content/themes/fictional-university/images/bus.jpg HTTP/1.1" 200 107741 "http://ec2-18-222-53-144.us-east-2.compute.amazonaws.com/" "Mozilla/5.0 (Macintosh; Intel Mac OS X 10_12_6) AppleWebKit/537.36 (KHTML, like Gecko) Chrome/75.0.3770.100 Safari/537.36"
172.31.19.55 - - [16/Jul/2019:14:06:02 +0000] "POST /wp-admin/admin-ajax.php?action=wp_1_wc_regenerate_images&nonce=c7c7864dac HTTP/1.1" 200 509 "-" "WordPress/5.2.2; http://ec2-18-222-53-144.us-east-2.compute.amazonaws.com"
172.31.19.55 - - [16/Jul/2019:14:06:02 +0000] "POST /wp-admin/admin-ajax.php?action=wp_1_wc_regenerate_images&nonce=16f68c93e5 HTTP/1.1" 200 466 "-" "WordPress/5.2.2; http://ec2-18-222-53-144.us-east-2.compute.amazonaws.com"
183.81.49.89 - - [16/Jul/2019:14:06:02 +0000] "GET /wp-content/themes/fictional-university/images/bread.jpg HTTP/1.1" 200 106930 "http://ec2-18-222-53-144.us-east-2.compute.amazonaws.com/" "Mozilla/5.0 (Macintosh; Intel Mac OS X 10_12_6) AppleWebKit/537.36 (KHTML, like Gecko) Chrome/75.0.3770.100 Safari/537.36"
183.81.49.89 - - [16/Jul/2019:14:06:02 +0000] "GET /wp-content/themes/fictional-university/images/apples.jpg HTTP/1.1" 200 104144 "http://ec2-18-222-53-144.us-east-2.compute.amazonaws.com/" "Mozilla/5.0 (Macintosh; Intel Mac OS X 10_12_6) AppleWebKit/537.36 (KHTML, like Gecko) Chrome/75.0.3770.100 Safari/537.36"
172.31.19.55 - - [16/Jul/2019:14:06:02 +0000] "POST /wp-admin/admin-ajax.php?action=wp_1_wc_regenerate_images&nonce=16f68c93e5 HTTP/1.1" 200 466 "-" "WordPress/5.2.2; http://ec2-18-222-53-144.us-east-2.compute.amazonaws.com"
183.81.49.89 - - [16/Jul/2019:14:06:03 +0000] "POST /?wc-ajax=get_refreshed_fragments HTTP/1.1" 200 812 "http://ec2-18-222-53-144.us-east-2.compute.amazonaws.com/" "Mozilla/5.0 (Macintosh; Intel Mac OS X 10_12_6) AppleWebKit/537.36 (KHTML, like Gecko) Chrome/75.0.3770.100 Safari/537.36"
183.81.49.89 - - [16/Jul/2019:14:06:03 +0000] "GET /wp-admin/admin.php?page=stats&noheader&proxy&chart=admin-bar-hours-scale-2x HTTP/1.1" 200 999 "http://ec2-18-222-53-144.us-east-2.compute.amazonaws.com/" "Mozilla/5.0 (Macintosh; Intel Mac OS X 10_12_6) AppleWebKit/537.36 (KHTML, like Gecko) Chrome/75.0.3770.100 Safari/537.36"
172.31.19.55 - - [16/Jul/2019:14:06:03 +0000] "POST /wp-admin/admin-ajax.php?action=wp_1_wc_regenerate_images&nonce=c7c7864dac HTTP/1.1" 200 509 "-" "WordPress/5.2.2; http://ec2-18-222-53-144.us-east-2.compute.amazonaws.com"
172.31.19.55 - - [16/Jul/2019:14:06:03 +0000] "POST /wp-admin/admin-ajax.php?action=wp_1_wc_regenerate_images&nonce=16f68c93e5 HTTP/1.1" 200 466 "-" "WordPress/5.2.2; http://ec2-18-222-53-144.us-east-2.compute.amazonaws.com"
172.31.19.55 - - [16/Jul/2019:14:06:04 +0000] "POST /wp-admin/admin-ajax.php?action=wp_1_wc_regenerate_images&nonce=c7c7864dac HTTP/1.1" 200 509 "-" "WordPress/5.2.2; http://ec2-18-222-53-144.us-east-2.compute.amazonaws.com"
172.31.19.55 - - [16/Jul/2019:14:06:04 +0000] "POST /wp-admin/admin-ajax.php?action=wp_1_wc_regenerate_images&nonce=16f68c93e5 HTTP/1.1" 200 468 "-" "WordPress/5.2.2; http://ec2-18-222-53-144.us-east-2.compute.amazonaws.com"
172.31.19.55 - - [16/Jul/2019:14:06:04 +0000] "POST /wp-admin/admin-ajax.php?action=wp_1_wc_regenerate_images&nonce=c7c7864dac HTTP/1.1" 200 509 "-" "WordPress/5.2.2; http://ec2-18-222-53-144.us-east-2.compute.amazonaws.com"
172.31.19.55 - - [16/Jul/2019:14:06:04 +0000] "POST /wp-admin/admin-ajax.php?action=wp_1_wc_regenerate_images&nonce=16f68c93e5 HTTP/1.1" 200 466 "-" "WordPress/5.2.2; http://ec2-18-222-53-144.us-east-2.compute.amazonaws.com"
172.31.19.55 - - [16/Jul/2019:14:06:05 +0000] "POST /wp-admin/admin-ajax.php?action=wp_1_wc_regenerate_images&nonce=c7c7864dac HTTP/1.1" 200 509 "-" "WordPress/5.2.2; http://ec2-18-222-53-144.us-east-2.compute.amazonaws.com"
172.31.19.55 - - [16/Jul/2019:14:06:05 +0000] "POST /wp-admin/admin-ajax.php?action=wp_1_wc_regenerate_images&nonce=c7c7864dac HTTP/1.1" 200 509 "-" "WordPress/5.2.2; http://ec2-18-222-53-144.us-east-2.compute.amazonaws.com"
172.31.19.55 - - [16/Jul/2019:14:06:06 +0000] "POST /wp-admin/admin-ajax.php?action=wp_1_wc_regenerate_images&nonce=c7c7864dac HTTP/1.1" 200 509 "-" "WordPress/5.2.2; http://ec2-18-222-53-144.us-east-2.compute.amazonaws.com"
