183.81.49.89 - - [16/Jul/2019:14:10:45 +0000] "GET /wp-includes/js/dist/html-entities.min.js?ver=2.2.0 HTTP/1.1" 200 969 "http://ec2-18-222-53-144.us-east-2.compute.amazonaws.com/wp-admin/post-new.php?post_type=page" "Mozilla/5.0 (Macintosh; Intel Mac OS X 10_12_6) AppleWebKit/537.36 (KHTML, like Gecko) Chrome/75.0.3770.100 Safari/537.36"
183.81.49.89 - - [16/Jul/2019:14:10:45 +0000] "GET /wp-includes/js/dist/shortcode.min.js?ver=2.2.0 HTTP/1.1" 200 2054 "http://ec2-18-222-53-144.us-east-2.compute.amazonaws.com/wp-admin/post-new.php?post_type=page" "Mozilla/5.0 (Macintosh; Intel Mac OS X 10_12_6) AppleWebKit/537.36 (KHTML, like Gecko) Chrome/75.0.3770.100 Safari/537.36"
183.81.49.89 - - [16/Jul/2019:14:10:45 +0000] "GET /wp-includes/js/dist/blocks.min.js?ver=6.2.5 HTTP/1.1" 200 45265 "http://ec2-18-222-53-144.us-east-2.compute.amazonaws.com/wp-admin/post-new.php?post_type=page" "Mozilla/5.0 (Macintosh; Intel Mac OS X 10_12_6) AppleWebKit/537.36 (KHTML, like Gecko) Chrome/75.0.3770.100 Safari/537.36"
183.81.49.89 - - [16/Jul/2019:14:10:45 +0000] "GET /wp-includes/js/dist/vendor/moment.min.js?ver=2.22.2 HTTP/1.1" 200 17156 "http://ec2-18-222-53-144.us-east-2.compute.amazonaws.com/wp-admin/post-new.php?post_type=page" "Mozilla/5.0 (Macintosh; Intel Mac OS X 10_12_6) AppleWebKit/537.36 (KHTML, like Gecko) Chrome/75.0.3770.100 Safari/537.36"
183.81.49.89 - - [16/Jul/2019:14:10:45 +0000] "GET /wp-includes/js/dist/keycodes.min.js?ver=2.2.0 HTTP/1.1" 200 2022 "http://ec2-18-222-53-144.us-east-2.compute.amazonaws.com/wp-admin/post-new.php?post_type=page" "Mozilla/5.0 (Macintosh; Intel Mac OS X 10_12_6) AppleWebKit/537.36 (KHTML, like Gecko) Chrome/75.0.3770.100 Safari/537.36"
183.81.49.89 - - [16/Jul/2019:14:10:45 +0000] "GET /wp-includes/js/dist/rich-text.min.js?ver=3.2.3 HTTP/1.1" 200 9262 "http://ec2-18-222-53-144.us-east-2.compute.amazonaws.com/wp-admin/post-new.php?post_type=page" "Mozilla/5.0 (Macintosh; Intel Mac OS X 10_12_6) AppleWebKit/537.36 (KHTML, like Gecko) Chrome/75.0.3770.100 Safari/537.36"
183.81.49.89 - - [16/Jul/2019:14:10:45 +0000] "GET /wp-includes/js/dist/components.min.js?ver=7.3.2 HTTP/1.1" 200 143799 "http://ec2-18-222-53-144.us-east-2.compute.amazonaws.com/wp-admin/post-new.php?post_type=page" "Mozilla/5.0 (Macintosh; Intel Mac OS X 10_12_6) AppleWebKit/537.36 (KHTML, like Gecko) Chrome/75.0.3770.100 Safari/537.36"
183.81.49.89 - - [16/Jul/2019:14:10:45 +0000] "GET /wp-includes/js/dist/deprecated.min.js?ver=2.2.0 HTTP/1.1" 200 1117 "http://ec2-18-222-53-144.us-east-2.compute.amazonaws.com/wp-admin/post-new.php?post_type=page" "Mozilla/5.0 (Macintosh; Intel Mac OS X 10_12_6) AppleWebKit/537.36 (KHTML, like Gecko) Chrome/75.0.3770.100 Safari/537.36"
183.81.49.89 - - [16/Jul/2019:14:10:45 +0000] "GET /wp-includes/js/dist/core-data.min.js?ver=2.2.2 HTTP/1.1" 200 10778 "http://ec2-18-222-53-144.us-east-2.compute.amazonaws.com/wp-admin/post-new.php?post_type=page" "Mozilla/5.0 (Macintosh; Intel Mac OS X 10_12_6) AppleWebKit/537.36 (KHTML, like Gecko) Chrome/75.0.3770.100 Safari/537.36"
183.81.49.89 - - [16/Jul/2019:14:10:45 +0000] "GET /wp-includes/js/dist/token-list.min.js?ver=1.2.0 HTTP/1.1" 200 1595 "http://ec2-18-222-53-144.us-east-2.compute.amazonaws.com/wp-admin/post-new.php?post_type=page" "Mozilla/5.0 (Macintosh; Intel Mac OS X 10_12_6) AppleWebKit/537.36 (KHTML, like Gecko) Chrome/75.0.3770.100 Safari/537.36"
183.81.49.89 - - [16/Jul/2019:14:10:45 +0000] "GET /wp-includes/js/dist/viewport.min.js?ver=2.3.0 HTTP/1.1" 200 1500 "http://ec2-18-222-53-144.us-east-2.compute.amazonaws.com/wp-admin/post-new.php?post_type=page" "Mozilla/5.0 (Macintosh; Intel Mac OS X 10_12_6) AppleWebKit/537.36 (KHTML, like Gecko) Chrome/75.0.3770.100 Safari/537.36"
183.81.49.89 - - [16/Jul/2019:14:10:45 +0000] "GET /wp-includes/js/dist/wordcount.min.js?ver=2.2.0 HTTP/1.1" 200 1526 "http://ec2-18-222-53-144.us-east-2.compute.amazonaws.com/wp-admin/post-new.php?post_type=page" "Mozilla/5.0 (Macintosh; Intel Mac OS X 10_12_6) AppleWebKit/537.36 (KHTML, like Gecko) Chrome/75.0.3770.100 Safari/537.36"
183.81.49.89 - - [16/Jul/2019:14:10:45 +0000] "GET /wp-includes/js/dist/block-editor.min.js?ver=2.0.3 HTTP/1.1" 200 66834 "http://ec2-18-222-53-144.us-east-2.compute.amazonaws.com/wp-admin/post-new.php?post_type=page" "Mozilla/5.0 (Macintosh; Intel Mac OS X 10_12_6) AppleWebKit/537.36 (KHTML, like Gecko) Chrome/75.0.3770.100 Safari/537.36"
183.81.49.89 - - [16/Jul/2019:14:10:45 +0000] "GET /wp-admin/js/editor.min.js?ver=5.2.2 HTTP/1.1" 200 5154 "http://ec2-18-222-53-144.us-east-2.compute.amazonaws.com/wp-admin/post-new.php?post_type=page" "Mozilla/5.0 (Macintosh; Intel Mac OS X 10_12_6) AppleWebKit/537.36 (KHTML, like Gecko) Chrome/75.0.3770.100 Safari/537.36"
183.81.49.89 - - [16/Jul/2019:14:10:45 +0000] "GET /wp-includes/js/dist/notices.min.js?ver=1.3.0 HTTP/1.1" 200 4289 "http://ec2-18-222-53-144.us-east-2.compute.amazonaws.com/wp-admin/post-new.php?post_type=page" "Mozilla/5.0 (Macintosh; Intel Mac OS X 10_12_6) AppleWebKit/537.36 (KHTML, like Gecko) Chrome/75.0.3770.100 Safari/537.36"
183.81.49.89 - - [16/Jul/2019:14:10:45 +0000] "GET /wp-includes/js/dist/date.min.js?ver=3.2.0 HTTP/1.1" 200 43227 "http://ec2-18-222-53-144.us-east-2.compute.amazonaws.com/wp-admin/post-new.php?post_type=page" "Mozilla/5.0 (Macintosh; Intel Mac OS X 10_12_6) AppleWebKit/537.36 (KHTML, like Gecko) Chrome/75.0.3770.100 Safari/537.36"
183.81.49.89 - - [16/Jul/2019:14:10:45 +0000] "GET /wp-includes/js/dist/nux.min.js?ver=3.2.5 HTTP/1.1" 200 3023 "http://ec2-18-222-53-144.us-east-2.compute.amazonaws.com/wp-admin/post-new.php?post_type=page" "Mozilla/5.0 (Macintosh; Intel Mac OS X 10_12_6) AppleWebKit/537.36 (KHTML, like Gecko) Chrome/75.0.3770.100 Safari/537.36"
183.81.49.89 - - [16/Jul/2019:14:10:46 +0000] "GET /wp-includes/js/dist/editor.min.js?ver=9.2.6 HTTP/1.1" 200 50172 "http://ec2-18-222-53-144.us-east-2.compute.amazonaws.com/wp-admin/post-new.php?post_type=page" "Mozilla/5.0 (Macintosh; Intel Mac OS X 10_12_6) AppleWebKit/537.36 (KHTML, like Gecko) Chrome/75.0.3770.100 Safari/537.36"
183.81.49.89 - - [16/Jul/2019:14:10:46 +0000] "GET /wp-includes/js/dist/block-library.min.js?ver=2.4.6 HTTP/1.1" 200 67131 "http://ec2-18-222-53-144.us-east-2.compute.amazonaws.com/wp-admin/post-new.php?post_type=page" "Mozilla/5.0 (Macintosh; Intel Mac OS X 10_12_6) AppleWebKit/537.36 (KHTML, like Gecko) Chrome/75.0.3770.100 Safari/537.36"
183.81.49.89 - - [16/Jul/2019:14:10:46 +0000] "GET /wp-includes/js/dist/dom-ready.min.js?ver=2.2.0 HTTP/1.1" 200 912 "http://ec2-18-222-53-144.us-east-2.compute.amazonaws.com/wp-admin/post-new.php?post_type=page" "Mozilla/5.0 (Macintosh; Intel Mac OS X 10_12_6) AppleWebKit/537.36 (KHTML, like Gecko) Chrome/75.0.3770.100 Safari/537.36"
183.81.49.89 - - [16/Jul/2019:14:10:46 +0000] "GET /wp-includes/js/dist/plugins.min.js?ver=2.2.0 HTTP/1.1" 200 2559 "http://ec2-18-222-53-144.us-east-2.compute.amazonaws.com/wp-admin/post-new.php?post_type=page" "Mozilla/5.0 (Macintosh; Intel Mac OS X 10_12_6) AppleWebKit/537.36 (KHTML, like Gecko) Chrome/75.0.3770.100 Safari/537.36"
183.81.49.89 - - [16/Jul/2019:14:10:46 +0000] "GET /wp-includes/js/dist/edit-post.min.js?ver=3.3.6 HTTP/1.1" 200 20441 "http://ec2-18-222-53-144.us-east-2.compute.amazonaws.com/wp-admin/post-new.php?post_type=page" "Mozilla/5.0 (Macintosh; Intel Mac OS X 10_12_6) AppleWebKit/537.36 (KHTML, like Gecko) Chrome/75.0.3770.100 Safari/537.36"
183.81.49.89 - - [16/Jul/2019:14:10:46 +0000] "GET /wp-content/plugins/jetpack/_inc/blocks/editor.js?ver=7.5.2 HTTP/1.1" 200 116895 "http://ec2-18-222-53-144.us-east-2.compute.amazonaws.com/wp-admin/post-new.php?post_type=page" "Mozilla/5.0 (Macintosh; Intel Mac OS X 10_12_6) AppleWebKit/537.36 (KHTML, like Gecko) Chrome/75.0.3770.100 Safari/537.36"
183.81.49.89 - - [16/Jul/2019:14:10:46 +0000] "GET /wp-content/plugins/woocommerce/assets/js/blocks/vendors.js?ver=3.6.5 HTTP/1.1" 200 3316 "http://ec2-18-222-53-144.us-east-2.compute.amazonaws.com/wp-admin/post-new.php?post_type=page" "Mozilla/5.0 (Macintosh; Intel Mac OS X 10_12_6) AppleWebKit/537.36 (KHTML, like Gecko) Chrome/75.0.3770.100 Safari/537.36"
183.81.49.89 - - [16/Jul/2019:14:10:46 +0000] "GET /wp-admin/load-scripts.php?c=0&load%5B%5D=hoverIntent,common,admin-bar,heartbeat,wp-format-library,shortcode,media-editor,media-audiovideo,mce-view,imgareaselect,image-ed&load%5B%5D=it,quicktags,wplink,jquery-ui-position,jquery-ui-menu,jquery-ui-autocomplete,thickbox,media-upload,svg-painter,wp-auth-check&ver=5.2.2 HTTP/1.1" 200 52096 "http://ec2-18-222-53-144.us-east-2.compute.amazonaws.com/wp-admin/post-new.php?post_type=page" "Mozilla/5.0 (Macintosh; Intel Mac OS X 10_12_6) AppleWebKit/537.36 (KHTML, like Gecko) Chrome/75.0.3770.100 Safari/537.36"
183.81.49.89 - - [16/Jul/2019:14:10:46 +0000] "GET /wp-content/plugins/woocommerce/assets/js/blocks/handpicked-products.js?ver=3.6.5 HTTP/1.1" 200 429155 "http://ec2-18-222-53-144.us-east-2.compute.amazonaws.com/wp-admin/post-new.php?post_type=page" "Mozilla/5.0 (Macintosh; Intel Mac OS X 10_12_6) AppleWebKit/537.36 (KHTML, like Gecko) Chrome/75.0.3770.100 Safari/537.36"
183.81.49.89 - - [16/Jul/2019:14:10:46 +0000] "GET /wp-content/plugins/woocommerce/assets/js/blocks/product-best-sellers.js?ver=3.6.5 HTTP/1.1" 200 429123 "http://ec2-18-222-53-144.us-east-2.compute.amazonaws.com/wp-admin/post-new.php?post_type=page" "Mozilla/5.0 (Macintosh; Intel Mac OS X 10_12_6) AppleWebKit/537.36 (KHTML, like Gecko) Chrome/75.0.3770.100 Safari/537.36"
183.81.49.89 - - [16/Jul/2019:14:10:47 +0000] "GET /wp-content/plugins/woocommerce/assets/js/blocks/product-top-rated.js?ver=3.6.5 HTTP/1.1" 200 429108 "http://ec2-18-222-53-144.us-east-2.compute.amazonaws.com/wp-admin/post-new.php?post_type=page" "Mozilla/5.0 (Macintosh; Intel Mac OS X 10_12_6) AppleWebKit/537.36 (KHTML, like Gecko) Chrome/75.0.3770.100 Safari/537.36"
183.81.49.89 - - [16/Jul/2019:14:10:47 +0000] "GET /wp-content/plugins/woocommerce/assets/js/blocks/product-on-sale.js?ver=3.6.5 HTTP/1.1" 200 429366 "http://ec2-18-222-53-144.us-east-2.compute.amazonaws.com/wp-admin/post-new.php?post_type=page" "Mozilla/5.0 (Macintosh; Intel Mac OS X 10_12_6) AppleWebKit/537.36 (KHTML, like Gecko) Chrome/75.0.3770.100 Safari/537.36"
183.81.49.89 - - [16/Jul/2019:14:10:47 +0000] "GET /wp-content/plugins/woocommerce/assets/js/blocks/product-category.js?ver=3.6.5 HTTP/1.1" 200 429776 "http://ec2-18-222-53-144.us-east-2.compute.amazonaws.com/wp-admin/post-new.php?post_type=page" "Mozilla/5.0 (Macintosh; Intel Mac OS X 10_12_6) AppleWebKit/537.36 (KHTML, like Gecko) Chrome/75.0.3770.100 Safari/537.36"
183.81.49.89 - - [16/Jul/2019:14:10:47 +0000] "GET /wp-content/plugins/woocommerce/assets/js/blocks/product-new.js?ver=3.6.5 HTTP/1.1" 200 429456 "http://ec2-18-222-53-144.us-east-2.compute.amazonaws.com/wp-admin/post-new.php?post_type=page" "Mozilla/5.0 (Macintosh; Intel Mac OS X 10_12_6) AppleWebKit/537.36 (KHTML, like Gecko) Chrome/75.0.3770.100 Safari/537.36"
183.81.49.89 - - [16/Jul/2019:14:10:49 +0000] "GET /wp-content/plugins/woocommerce/assets/js/blocks/products-attribute.js?ver=3.6.5 HTTP/1.1" 200 430116 "http://ec2-18-222-53-144.us-east-2.compute.amazonaws.com/wp-admin/post-new.php?post_type=page" "Mozilla/5.0 (Macintosh; Intel Mac OS X 10_12_6) AppleWebKit/537.36 (KHTML, like Gecko) Chrome/75.0.3770.100 Safari/537.36"
183.81.49.89 - - [16/Jul/2019:14:10:49 +0000] "GET /wp-content/plugins/woocommerce/assets/js/blocks/featured-product.js?ver=3.6.5 HTTP/1.1" 200 427085 "http://ec2-18-222-53-144.us-east-2.compute.amazonaws.com/wp-admin/post-new.php?post_type=page" "Mozilla/5.0 (Macintosh; Intel Mac OS X 10_12_6) AppleWebKit/537.36 (KHTML, like Gecko) Chrome/75.0.3770.100 Safari/537.36"
183.81.49.89 - - [16/Jul/2019:14:10:49 +0000] "GET /wp-content/plugins/yith-woocommerce-wishlist/plugin-fw/assets/js/javascript-md5/md5.min.js?ver=2.10.0 HTTP/1.1" 200 1934 "http://ec2-18-222-53-144.us-east-2.compute.amazonaws.com/wp-admin/post-new.php?post_type=page" "Mozilla/5.0 (Macintosh; Intel Mac OS X 10_12_6) AppleWebKit/537.36 (KHTML, like Gecko) Chrome/75.0.3770.100 Safari/537.36"
183.81.49.89 - - [16/Jul/2019:14:10:49 +0000] "GET /wp-content/plugins/yith-woocommerce-wishlist/plugin-fw/assets/js/yith-gutenberg.min.js?ver=3.3.3 HTTP/1.1" 200 2287 "http://ec2-18-222-53-144.us-east-2.compute.amazonaws.com/wp-admin/post-new.php?post_type=page" "Mozilla/5.0 (Macintosh; Intel Mac OS X 10_12_6) AppleWebKit/537.36 (KHTML, like Gecko) Chrome/75.0.3770.100 Safari/537.36"
183.81.49.89 - - [16/Jul/2019:14:10:49 +0000] "GET /wp-content/plugins/jetpack/_inc/build/contact-form/js/editor-view.min.js?ver=5.2.2 HTTP/1.1" 200 2117 "http://ec2-18-222-53-144.us-east-2.compute.amazonaws.com/wp-admin/post-new.php?post_type=page" "Mozilla/5.0 (Macintosh; Intel Mac OS X 10_12_6) AppleWebKit/537.36 (KHTML, like Gecko) Chrome/75.0.3770.100 Safari/537.36"
183.81.49.89 - - [16/Jul/2019:14:10:49 +0000] "GET /wp-includes/js/tinymce/tinymce.min.js?ver=4940-20190515 HTTP/1.1" 200 121852 "http://ec2-18-222-53-144.us-east-2.compute.amazonaws.com/wp-admin/post-new.php?post_type=page" "Mozilla/5.0 (Macintosh; Intel Mac OS X 10_12_6) AppleWebKit/537.36 (KHTML, like Gecko) Chrome/75.0.3770.100 Safari/537.36"
183.81.49.89 - - [16/Jul/2019:14:10:49 +0000] "GET /wp-includes/js/tinymce/plugins/compat3x/plugin.min.js?ver=4940-20190515 HTTP/1.1" 200 2090 "http://ec2-18-222-53-144.us-east-2.compute.amazonaws.com/wp-admin/post-new.php?post_type=page" "Mozilla/5.0 (Macintosh; Intel Mac OS X 10_12_6) AppleWebKit/537.36 (KHTML, like Gecko) Chrome/75.0.3770.100 Safari/537.36"
183.81.49.89 - - [16/Jul/2019:14:10:51 +0000] "GET /wp-json/jetpack/v4/jitm?message_path=wp%3Apage%3Aadmin_notices&query=post_type%253Dpage&_wpnonce=b538594c68 HTTP/1.1" 404 552 "http://ec2-18-222-53-144.us-east-2.compute.amazonaws.com/wp-admin/post-new.php?post_type=page" "Mozilla/5.0 (Macintosh; Intel Mac OS X 10_12_6) AppleWebKit/537.36 (KHTML, like Gecko) Chrome/75.0.3770.100 Safari/537.36"
183.81.49.89 - - [16/Jul/2019:14:10:51 +0000] "GET /wp-json/wp/v2/users/?who=authors&per_page=100&_locale=user HTTP/1.1" 404 549 "http://ec2-18-222-53-144.us-east-2.compute.amazonaws.com/wp-admin/post-new.php?post_type=page" "Mozilla/5.0 (Macintosh; Intel Mac OS X 10_12_6) AppleWebKit/537.36 (KHTML, like Gecko) Chrome/75.0.3770.100 Safari/537.36"
183.81.49.89 - - [16/Jul/2019:14:10:51 +0000] "GET /wp-json/wp/v2/taxonomies?per_page=100&context=edit&_locale=user HTTP/1.1" 404 553 "http://ec2-18-222-53-144.us-east-2.compute.amazonaws.com/wp-admin/post-new.php?post_type=page" "Mozilla/5.0 (Macintosh; Intel Mac OS X 10_12_6) AppleWebKit/537.36 (KHTML, like Gecko) Chrome/75.0.3770.100 Safari/537.36"
183.81.49.89 - - [16/Jul/2019:14:11:02 +0000] "GET /wp-json/wp/v2/types/wp_block?_locale=user HTTP/1.1" 404 558 "http://ec2-18-222-53-144.us-east-2.compute.amazonaws.com/wp-admin/post-new.php?post_type=page" "Mozilla/5.0 (Macintosh; Intel Mac OS X 10_12_6) AppleWebKit/537.36 (KHTML, like Gecko) Chrome/75.0.3770.100 Safari/537.36"
183.81.49.89 - - [16/Jul/2019:14:11:51 +0000] "GET /wp-json/wp/v2/taxonomies/post_tag?context=edit&_locale=user HTTP/1.1" 404 563 "http://ec2-18-222-53-144.us-east-2.compute.amazonaws.com/wp-admin/post-new.php?post_type=page" "Mozilla/5.0 (Macintosh; Intel Mac OS X 10_12_6) AppleWebKit/537.36 (KHTML, like Gecko) Chrome/75.0.3770.100 Safari/537.36"
172.31.19.55 - - [16/Jul/2019:14:11:51 +0000] "POST /wp-cron.php?doing_wp_cron=1563286311.4607410430908203125000 HTTP/1.1" 200 166 "-" "WordPress/5.2.2; http://ec2-18-222-53-144.us-east-2.compute.amazonaws.com"
183.81.49.89 - - [16/Jul/2019:14:11:54 +0000] "POST /wp-json/wp/v2/pages/426?_locale=user HTTP/1.1" 404 552 "http://ec2-18-222-53-144.us-east-2.compute.amazonaws.com/wp-admin/post.php?post=426&action=edit" "Mozilla/5.0 (Macintosh; Intel Mac OS X 10_12_6) AppleWebKit/537.36 (KHTML, like Gecko) Chrome/75.0.3770.100 Safari/537.36"
183.81.49.89 - - [16/Jul/2019:14:12:00 +0000] "POST /wp-json/wp/v2/pages/426?_locale=user HTTP/1.1" 404 553 "http://ec2-18-222-53-144.us-east-2.compute.amazonaws.com/wp-admin/post.php?post=426&action=edit" "Mozilla/5.0 (Macintosh; Intel Mac OS X 10_12_6) AppleWebKit/537.36 (KHTML, like Gecko) Chrome/75.0.3770.100 Safari/537.36"
183.81.49.89 - - [16/Jul/2019:14:11:51 +0000] "POST /wp-admin/admin-ajax.php HTTP/1.1" 200 779 "http://ec2-18-222-53-144.us-east-2.compute.amazonaws.com/wp-admin/post-new.php?post_type=page" "Mozilla/5.0 (Macintosh; Intel Mac OS X 10_12_6) AppleWebKit/537.36 (KHTML, like Gecko) Chrome/75.0.3770.100 Safari/537.36"
172.31.19.55 - - [16/Jul/2019:14:12:51 +0000] "POST /wp-cron.php?doing_wp_cron=1563286371.9733231067657470703125 HTTP/1.1" 200 166 "-" "WordPress/5.2.2; http://ec2-18-222-53-144.us-east-2.compute.amazonaws.com"
183.81.49.89 - - [16/Jul/2019:14:12:51 +0000] "POST /wp-admin/admin-ajax.php HTTP/1.1" 200 779 "http://ec2-18-222-53-144.us-east-2.compute.amazonaws.com/wp-admin/post.php?post=426&action=edit" "Mozilla/5.0 (Macintosh; Intel Mac OS X 10_12_6) AppleWebKit/537.36 (KHTML, like Gecko) Chrome/75.0.3770.100 Safari/537.36"
183.81.49.89 - - [16/Jul/2019:14:13:00 +0000] "POST /wp-json/wp/v2/pages/426/autosaves?_locale=user HTTP/1.1" 404 562 "http://ec2-18-222-53-144.us-east-2.compute.amazonaws.com/wp-admin/post.php?post=426&action=edit" "Mozilla/5.0 (Macintosh; Intel Mac OS X 10_12_6) AppleWebKit/537.36 (KHTML, like Gecko) Chrome/75.0.3770.100 Safari/537.36"
172.31.19.55 - - [16/Jul/2019:14:14:06 +0000] "POST /wp-cron.php?doing_wp_cron=1563286446.2989089488983154296875 HTTP/1.1" 200 166 "-" "WordPress/5.2.2; http://ec2-18-222-53-144.us-east-2.compute.amazonaws.com"
183.81.49.89 - - [16/Jul/2019:14:14:12 +0000] "POST /wp-admin/admin-ajax.php HTTP/1.1" 200 674 "http://ec2-18-222-53-144.us-east-2.compute.amazonaws.com/wp-admin/post.php?post=426&action=edit" "Mozilla/5.0 (Macintosh; Intel Mac OS X 10_12_6) AppleWebKit/537.36 (KHTML, like Gecko) Chrome/75.0.3770.100 Safari/537.36"
172.31.19.55 - - [16/Jul/2019:14:14:12 +0000] "POST /wp-cron.php?doing_wp_cron=1563286452.2631659507751464843750 HTTP/1.1" 200 166 "-" "WordPress/5.2.2; http://ec2-18-222-53-144.us-east-2.compute.amazonaws.com"
183.81.49.89 - - [16/Jul/2019:14:14:14 +0000] "GET /wp-admin/post-new.php HTTP/1.1" 200 71266 "http://ec2-18-222-53-144.us-east-2.compute.amazonaws.com/wp-admin/post.php?post=426&action=edit" "Mozilla/5.0 (Macintosh; Intel Mac OS X 10_12_6) AppleWebKit/537.36 (KHTML, like Gecko) Chrome/75.0.3770.100 Safari/537.36"
183.81.49.89 - - [16/Jul/2019:14:14:06 +0000] "POST /wp-admin/admin-ajax.php HTTP/1.1" 200 779 "http://ec2-18-222-53-144.us-east-2.compute.amazonaws.com/wp-admin/post.php?post=426&action=edit" "Mozilla/5.0 (Macintosh; Intel Mac OS X 10_12_6) AppleWebKit/537.36 (KHTML, like Gecko) Chrome/75.0.3770.100 Safari/537.36"
183.81.49.89 - - [16/Jul/2019:14:14:18 +0000] "POST /wp-admin/admin-ajax.php HTTP/1.1" 200 727 "http://ec2-18-222-53-144.us-east-2.compute.amazonaws.com/wp-admin/post-new.php" "Mozilla/5.0 (Macintosh; Intel Mac OS X 10_12_6) AppleWebKit/537.36 (KHTML, like Gecko) Chrome/75.0.3770.100 Safari/537.36"
183.81.49.89 - - [16/Jul/2019:14:14:19 +0000] "GET /wp-json/jetpack/v4/jitm?message_path=wp%3Apost%3Aadmin_notices&query=&_wpnonce=b538594c68 HTTP/1.1" 404 552 "http://ec2-18-222-53-144.us-east-2.compute.amazonaws.com/wp-admin/post-new.php" "Mozilla/5.0 (Macintosh; Intel Mac OS X 10_12_6) AppleWebKit/537.36 (KHTML, like Gecko) Chrome/75.0.3770.100 Safari/537.36"
183.81.49.89 - - [16/Jul/2019:14:14:19 +0000] "GET /wp-json/wp/v2/users/?who=authors&per_page=100&_locale=user HTTP/1.1" 404 550 "http://ec2-18-222-53-144.us-east-2.compute.amazonaws.com/wp-admin/post-new.php" "Mozilla/5.0 (Macintosh; Intel Mac OS X 10_12_6) AppleWebKit/537.36 (KHTML, like Gecko) Chrome/75.0.3770.100 Safari/537.36"
183.81.49.89 - - [16/Jul/2019:14:14:19 +0000] "GET /wp-json/wp/v2/taxonomies?per_page=100&context=edit&_locale=user HTTP/1.1" 404 553 "http://ec2-18-222-53-144.us-east-2.compute.amazonaws.com/wp-admin/post-new.php" "Mozilla/5.0 (Macintosh; Intel Mac OS X 10_12_6) AppleWebKit/537.36 (KHTML, like Gecko) Chrome/75.0.3770.100 Safari/537.36"
183.81.49.89 - - [16/Jul/2019:14:14:28 +0000] "GET /wp-json/wp/v2/types/wp_block?_locale=user HTTP/1.1" 404 558 "http://ec2-18-222-53-144.us-east-2.compute.amazonaws.com/wp-admin/post-new.php" "Mozilla/5.0 (Macintosh; Intel Mac OS X 10_12_6) AppleWebKit/537.36 (KHTML, like Gecko) Chrome/75.0.3770.100 Safari/537.36"
183.81.49.89 - - [16/Jul/2019:14:14:55 +0000] "GET /wp-json/wp/v2/taxonomies/post_tag?context=edit&_locale=user HTTP/1.1" 404 563 "http://ec2-18-222-53-144.us-east-2.compute.amazonaws.com/wp-admin/post-new.php" "Mozilla/5.0 (Macintosh; Intel Mac OS X 10_12_6) AppleWebKit/537.36 (KHTML, like Gecko) Chrome/75.0.3770.100 Safari/537.36"
183.81.49.89 - - [16/Jul/2019:14:14:56 +0000] "POST /wp-json/wp/v2/posts/427?_locale=user HTTP/1.1" 404 552 "http://ec2-18-222-53-144.us-east-2.compute.amazonaws.com/wp-admin/post.php?post=427&action=edit" "Mozilla/5.0 (Macintosh; Intel Mac OS X 10_12_6) AppleWebKit/537.36 (KHTML, like Gecko) Chrome/75.0.3770.100 Safari/537.36"
172.31.19.55 - - [16/Jul/2019:14:15:19 +0000] "POST /wp-cron.php?doing_wp_cron=1563286519.5921440124511718750000 HTTP/1.1" 200 166 "-" "WordPress/5.2.2; http://ec2-18-222-53-144.us-east-2.compute.amazonaws.com"
183.81.49.89 - - [16/Jul/2019:14:15:19 +0000] "POST /wp-admin/admin-ajax.php HTTP/1.1" 200 779 "http://ec2-18-222-53-144.us-east-2.compute.amazonaws.com/wp-admin/post.php?post=427&action=edit" "Mozilla/5.0 (Macintosh; Intel Mac OS X 10_12_6) AppleWebKit/537.36 (KHTML, like Gecko) Chrome/75.0.3770.100 Safari/537.36"
183.81.49.89 - - [16/Jul/2019:14:15:57 +0000] "POST /wp-json/wp/v2/posts/427/autosaves?_locale=user HTTP/1.1" 404 563 "http://ec2-18-222-53-144.us-east-2.compute.amazonaws.com/wp-admin/post.php?post=427&action=edit" "Mozilla/5.0 (Macintosh; Intel Mac OS X 10_12_6) AppleWebKit/537.36 (KHTML, like Gecko) Chrome/75.0.3770.100 Safari/537.36"
172.31.19.55 - - [16/Jul/2019:14:16:33 +0000] "POST /wp-cron.php?doing_wp_cron=1563286593.2630889415740966796875 HTTP/1.1" 200 166 "-" "WordPress/5.2.2; http://ec2-18-222-53-144.us-east-2.compute.amazonaws.com"
183.81.49.89 - - [16/Jul/2019:14:16:35 +0000] "POST /wp-json/wp/v2/posts/427?_locale=user HTTP/1.1" 404 553 "http://ec2-18-222-53-144.us-east-2.compute.amazonaws.com/wp-admin/post.php?post=427&action=edit" "Mozilla/5.0 (Macintosh; Intel Mac OS X 10_12_6) AppleWebKit/537.36 (KHTML, like Gecko) Chrome/75.0.3770.100 Safari/537.36"
183.81.49.89 - - [16/Jul/2019:14:16:33 +0000] "POST /wp-admin/admin-ajax.php HTTP/1.1" 200 779 "http://ec2-18-222-53-144.us-east-2.compute.amazonaws.com/wp-admin/post.php?post=427&action=edit" "Mozilla/5.0 (Macintosh; Intel Mac OS X 10_12_6) AppleWebKit/537.36 (KHTML, like Gecko) Chrome/75.0.3770.100 Safari/537.36"
183.81.49.89 - - [16/Jul/2019:14:17:17 +0000] "POST /wp-json/wp/v2/posts/427?_locale=user HTTP/1.1" 404 553 "http://ec2-18-222-53-144.us-east-2.compute.amazonaws.com/wp-admin/post.php?post=427&action=edit" "Mozilla/5.0 (Macintosh; Intel Mac OS X 10_12_6) AppleWebKit/537.36 (KHTML, like Gecko) Chrome/75.0.3770.100 Safari/537.36"
172.31.19.55 - - [16/Jul/2019:14:17:22 +0000] "POST /wp-cron.php?doing_wp_cron=1563286642.4076960086822509765625 HTTP/1.1" 200 166 "-" "WordPress/5.2.2; http://ec2-18-222-53-144.us-east-2.compute.amazonaws.com"
183.81.49.89 - - [16/Jul/2019:14:17:22 +0000] "GET /wp-admin/post.php?post=427&action=edit HTTP/1.1" 200 71317 "http://ec2-18-222-53-144.us-east-2.compute.amazonaws.com/wp-admin/post.php?post=426&action=edit" "Mozilla/5.0 (Macintosh; Intel Mac OS X 10_12_6) AppleWebKit/537.36 (KHTML, like Gecko) Chrome/75.0.3770.100 Safari/537.36"
183.81.49.89 - - [16/Jul/2019:14:17:22 +0000] "POST /wp-admin/admin-ajax.php HTTP/1.1" 200 673 "http://ec2-18-222-53-144.us-east-2.compute.amazonaws.com/wp-admin/post.php?post=427&action=edit" "Mozilla/5.0 (Macintosh; Intel Mac OS X 10_12_6) AppleWebKit/537.36 (KHTML, like Gecko) Chrome/75.0.3770.100 Safari/537.36"
183.81.49.89 - - [16/Jul/2019:14:17:33 +0000] "GET /wp-json/jetpack/v4/jitm?message_path=wp%3Apost%3Aadmin_notices&query=post%253D427%252Caction%253Dedit&_wpnonce=b538594c68 HTTP/1.1" 404 552 "http://ec2-18-222-53-144.us-east-2.compute.amazonaws.com/wp-admin/post.php?post=427&action=edit" "Mozilla/5.0 (Macintosh; Intel Mac OS X 10_12_6) AppleWebKit/537.36 (KHTML, like Gecko) Chrome/75.0.3770.100 Safari/537.36"
183.81.49.89 - - [16/Jul/2019:14:17:34 +0000] "GET /wp-json/wp/v2/users/?who=authors&per_page=100&_locale=user HTTP/1.1" 404 549 "http://ec2-18-222-53-144.us-east-2.compute.amazonaws.com/wp-admin/post.php?post=427&action=edit" "Mozilla/5.0 (Macintosh; Intel Mac OS X 10_12_6) AppleWebKit/537.36 (KHTML, like Gecko) Chrome/75.0.3770.100 Safari/537.36"
183.81.49.89 - - [16/Jul/2019:14:17:34 +0000] "GET /wp-json/wp/v2/taxonomies?per_page=100&context=edit&_locale=user HTTP/1.1" 404 554 "http://ec2-18-222-53-144.us-east-2.compute.amazonaws.com/wp-admin/post.php?post=427&action=edit" "Mozilla/5.0 (Macintosh; Intel Mac OS X 10_12_6) AppleWebKit/537.36 (KHTML, like Gecko) Chrome/75.0.3770.100 Safari/537.36"
172.31.19.55 - - [16/Jul/2019:14:18:34 +0000] "POST /wp-cron.php?doing_wp_cron=1563286714.5990049839019775390625 HTTP/1.1" 200 166 "-" "WordPress/5.2.2; http://ec2-18-222-53-144.us-east-2.compute.amazonaws.com"
183.81.49.89 - - [16/Jul/2019:14:18:34 +0000] "POST /wp-admin/admin-ajax.php HTTP/1.1" 200 779 "http://ec2-18-222-53-144.us-east-2.compute.amazonaws.com/wp-admin/post.php?post=427&action=edit" "Mozilla/5.0 (Macintosh; Intel Mac OS X 10_12_6) AppleWebKit/537.36 (KHTML, like Gecko) Chrome/75.0.3770.100 Safari/537.36"
172.31.19.55 - - [16/Jul/2019:14:19:10 +0000] "POST /wp-cron.php?doing_wp_cron=1563286750.2852070331573486328125 HTTP/1.1" 200 166 "-" "WordPress/5.2.2; http://ec2-18-222-53-144.us-east-2.compute.amazonaws.com"
183.81.49.89 - - [16/Jul/2019:14:19:15 +0000] "GET /index.php/2017/12/05/laptop/ HTTP/1.1" 301 620 "http://ec2-18-222-53-144.us-east-2.compute.amazonaws.com/" "Mozilla/5.0 (Macintosh; Intel Mac OS X 10_12_6) AppleWebKit/537.36 (KHTML, like Gecko) Chrome/75.0.3770.100 Safari/537.36"
172.31.19.55 - - [16/Jul/2019:14:19:15 +0000] "POST /wp-cron.php?doing_wp_cron=1563286755.7512609958648681640625 HTTP/1.1" 200 166 "-" "WordPress/5.2.2; http://ec2-18-222-53-144.us-east-2.compute.amazonaws.com"
183.81.49.89 - - [16/Jul/2019:14:19:16 +0000] "GET /2017/12/05/laptop/ HTTP/1.1" 404 547 "http://ec2-18-222-53-144.us-east-2.compute.amazonaws.com/" "Mozilla/5.0 (Macintosh; Intel Mac OS X 10_12_6) AppleWebKit/537.36 (KHTML, like Gecko) Chrome/75.0.3770.100 Safari/537.36"
183.81.49.89 - - [16/Jul/2019:14:19:17 +0000] "GET / HTTP/1.1" 200 7948 "-" "Mozilla/5.0 (Macintosh; Intel Mac OS X 10_12_6) AppleWebKit/537.36 (KHTML, like Gecko) Chrome/75.0.3770.100 Safari/537.36"
183.81.49.89 - - [16/Jul/2019:14:19:10 +0000] "GET / HTTP/1.1" 200 7949 "-" "Mozilla/5.0 (Macintosh; Intel Mac OS X 10_12_6) AppleWebKit/537.36 (KHTML, like Gecko) Chrome/75.0.3770.100 Safari/537.36"
183.81.49.89 - - [16/Jul/2019:14:19:21 +0000] "GET /wp-json/wp/v2/types/wp_block?_locale=user HTTP/1.1" 404 557 "http://ec2-18-222-53-144.us-east-2.compute.amazonaws.com/wp-admin/post.php?post=427&action=edit" "Mozilla/5.0 (Macintosh; Intel Mac OS X 10_12_6) AppleWebKit/537.36 (KHTML, like Gecko) Chrome/75.0.3770.100 Safari/537.36"
183.81.49.89 - - [16/Jul/2019:14:19:34 +0000] "GET /wp-json/wp/v2/taxonomies/post_tag?context=edit&_locale=user HTTP/1.1" 404 563 "http://ec2-18-222-53-144.us-east-2.compute.amazonaws.com/wp-admin/post.php?post=427&action=edit" "Mozilla/5.0 (Macintosh; Intel Mac OS X 10_12_6) AppleWebKit/537.36 (KHTML, like Gecko) Chrome/75.0.3770.100 Safari/537.36"
183.81.49.89 - - [16/Jul/2019:14:19:34 +0000] "POST /wp-json/wp/v2/posts/427?_locale=user HTTP/1.1" 404 553 "http://ec2-18-222-53-144.us-east-2.compute.amazonaws.com/wp-admin/post.php?post=427&action=edit" "Mozilla/5.0 (Macintosh; Intel Mac OS X 10_12_6) AppleWebKit/537.36 (KHTML, like Gecko) Chrome/75.0.3770.100 Safari/537.36"
183.81.49.89 - - [16/Jul/2019:14:19:34 +0000] "POST /wp-admin/admin-ajax.php HTTP/1.1" 200 778 "http://ec2-18-222-53-144.us-east-2.compute.amazonaws.com/wp-admin/post.php?post=427&action=edit" "Mozilla/5.0 (Macintosh; Intel Mac OS X 10_12_6) AppleWebKit/537.36 (KHTML, like Gecko) Chrome/75.0.3770.100 Safari/537.36"
183.81.49.89 - - [16/Jul/2019:14:19:47 +0000] "GET / HTTP/1.1" 200 7948 "-" "Mozilla/5.0 (Macintosh; Intel Mac OS X 10_12_6) AppleWebKit/537.36 (KHTML, like Gecko) Chrome/75.0.3770.100 Safari/537.36"
183.81.49.89 - - [16/Jul/2019:14:19:47 +0000] "GET /wp-content/themes/fictional-university/style.css?ver=5.2.2 HTTP/1.1" 200 8195 "http://ec2-18-222-53-144.us-east-2.compute.amazonaws.com/" "Mozilla/5.0 (Macintosh; Intel Mac OS X 10_12_6) AppleWebKit/537.36 (KHTML, like Gecko) Chrome/75.0.3770.100 Safari/537.36"
183.81.49.89 - - [16/Jul/2019:14:19:47 +0000] "GET /wp-content/themes/fictional-university/js/scripts-bundled.js HTTP/1.1" 200 95836 "http://ec2-18-222-53-144.us-east-2.compute.amazonaws.com/" "Mozilla/5.0 (Macintosh; Intel Mac OS X 10_12_6) AppleWebKit/537.36 (KHTML, like Gecko) Chrome/75.0.3770.100 Safari/537.36"
183.81.49.89 - - [16/Jul/2019:14:19:48 +0000] "GET /wp-content/themes/fictional-university/images/bus.jpg HTTP/1.1" 304 183 "http://ec2-18-222-53-144.us-east-2.compute.amazonaws.com/" "Mozilla/5.0 (Macintosh; Intel Mac OS X 10_12_6) AppleWebKit/537.36 (KHTML, like Gecko) Chrome/75.0.3770.100 Safari/537.36"
183.81.49.89 - - [16/Jul/2019:14:19:48 +0000] "GET /wp-content/themes/fictional-university/images/apples.jpg HTTP/1.1" 304 183 "http://ec2-18-222-53-144.us-east-2.compute.amazonaws.com/" "Mozilla/5.0 (Macintosh; Intel Mac OS X 10_12_6) AppleWebKit/537.36 (KHTML, like Gecko) Chrome/75.0.3770.100 Safari/537.36"
183.81.49.89 - - [16/Jul/2019:14:19:48 +0000] "GET /wp-content/themes/fictional-university/images/bread.jpg HTTP/1.1" 304 183 "http://ec2-18-222-53-144.us-east-2.compute.amazonaws.com/" "Mozilla/5.0 (Macintosh; Intel Mac OS X 10_12_6) AppleWebKit/537.36 (KHTML, like Gecko) Chrome/75.0.3770.100 Safari/537.36"
183.81.49.89 - - [16/Jul/2019:14:19:48 +0000] "GET /wp-content/themes/fictional-university/images/library-hero.jpg HTTP/1.1" 304 182 "http://ec2-18-222-53-144.us-east-2.compute.amazonaws.com/" "Mozilla/5.0 (Macintosh; Intel Mac OS X 10_12_6) AppleWebKit/537.36 (KHTML, like Gecko) Chrome/75.0.3770.100 Safari/537.36"
183.81.49.89 - - [16/Jul/2019:14:19:48 +0000] "GET /wp-admin/admin.php?page=stats&noheader&proxy&chart=admin-bar-hours-scale-2x HTTP/1.1" 200 999 "http://ec2-18-222-53-144.us-east-2.compute.amazonaws.com/" "Mozilla/5.0 (Macintosh; Intel Mac OS X 10_12_6) AppleWebKit/537.36 (KHTML, like Gecko) Chrome/75.0.3770.100 Safari/537.36"
172.31.19.55 - - [16/Jul/2019:14:20:34 +0000] "POST /wp-cron.php?doing_wp_cron=1563286834.6639430522918701171875 HTTP/1.1" 200 166 "-" "WordPress/5.2.2; http://ec2-18-222-53-144.us-east-2.compute.amazonaws.com"
183.81.49.89 - - [16/Jul/2019:14:20:34 +0000] "POST /wp-admin/admin-ajax.php HTTP/1.1" 200 674 "http://ec2-18-222-53-144.us-east-2.compute.amazonaws.com/wp-admin/post.php?post=427&action=edit" "Mozilla/5.0 (Macintosh; Intel Mac OS X 10_12_6) AppleWebKit/537.36 (KHTML, like Gecko) Chrome/75.0.3770.100 Safari/537.36"
183.81.49.89 - - [16/Jul/2019:14:20:37 +0000] "POST /wp-json/wp/v2/posts/427/autosaves?_locale=user HTTP/1.1" 404 563 "http://ec2-18-222-53-144.us-east-2.compute.amazonaws.com/wp-admin/post.php?post=427&action=edit" "Mozilla/5.0 (Macintosh; Intel Mac OS X 10_12_6) AppleWebKit/537.36 (KHTML, like Gecko) Chrome/75.0.3770.100 Safari/537.36"
183.81.49.89 - - [16/Jul/2019:14:20:37 +0000] "GET /wp-admin/edit.php HTTP/1.1" 200 15944 "http://ec2-18-222-53-144.us-east-2.compute.amazonaws.com/wp-admin/post.php?post=427&action=edit" "Mozilla/5.0 (Macintosh; Intel Mac OS X 10_12_6) AppleWebKit/537.36 (KHTML, like Gecko) Chrome/75.0.3770.100 Safari/537.36"
183.81.49.89 - - [16/Jul/2019:14:20:38 +0000] "GET /wp-json/jetpack/v4/jitm?message_path=wp%3Aedit-post%3Aadmin_notices&query=&_wpnonce=b538594c68 HTTP/1.1" 404 552 "http://ec2-18-222-53-144.us-east-2.compute.amazonaws.com/wp-admin/edit.php" "Mozilla/5.0 (Macintosh; Intel Mac OS X 10_12_6) AppleWebKit/537.36 (KHTML, like Gecko) Chrome/75.0.3770.100 Safari/537.36"
183.81.49.89 - - [16/Jul/2019:14:20:37 +0000] "POST /wp-admin/admin-ajax.php HTTP/1.1" 200 727 "http://ec2-18-222-53-144.us-east-2.compute.amazonaws.com/wp-admin/edit.php" "Mozilla/5.0 (Macintosh; Intel Mac OS X 10_12_6) AppleWebKit/537.36 (KHTML, like Gecko) Chrome/75.0.3770.100 Safari/537.36"
183.81.49.89 - - [16/Jul/2019:14:20:34 +0000] "POST /wp-admin/admin-ajax.php HTTP/1.1" 200 779 "http://ec2-18-222-53-144.us-east-2.compute.amazonaws.com/wp-admin/post.php?post=427&action=edit" "Mozilla/5.0 (Macintosh; Intel Mac OS X 10_12_6) AppleWebKit/537.36 (KHTML, like Gecko) Chrome/75.0.3770.100 Safari/537.36"
183.81.49.89 - - [16/Jul/2019:14:20:53 +0000] "GET /wp-admin/edit.php?post_type=page HTTP/1.1" 200 16634 "http://ec2-18-222-53-144.us-east-2.compute.amazonaws.com/wp-admin/edit.php" "Mozilla/5.0 (Macintosh; Intel Mac OS X 10_12_6) AppleWebKit/537.36 (KHTML, like Gecko) Chrome/75.0.3770.100 Safari/537.36"
183.81.49.89 - - [16/Jul/2019:14:20:54 +0000] "GET /wp-json/jetpack/v4/jitm?message_path=wp%3Aedit-page%3Aadmin_notices&query=post_type%253Dpage&_wpnonce=b538594c68 HTTP/1.1" 404 553 "http://ec2-18-222-53-144.us-east-2.compute.amazonaws.com/wp-admin/edit.php?post_type=page" "Mozilla/5.0 (Macintosh; Intel Mac OS X 10_12_6) AppleWebKit/537.36 (KHTML, like Gecko) Chrome/75.0.3770.100 Safari/537.36"
183.81.49.89 - - [16/Jul/2019:14:20:54 +0000] "POST /wp-admin/admin-ajax.php HTTP/1.1" 200 727 "http://ec2-18-222-53-144.us-east-2.compute.amazonaws.com/wp-admin/edit.php?post_type=page" "Mozilla/5.0 (Macintosh; Intel Mac OS X 10_12_6) AppleWebKit/537.36 (KHTML, like Gecko) Chrome/75.0.3770.100 Safari/537.36"
183.81.49.89 - - [16/Jul/2019:14:21:01 +0000] "GET /wp-admin/post.php?post=414&action=trash&_wpnonce=fd9b704ff5 HTTP/1.1" 302 638 "http://ec2-18-222-53-144.us-east-2.compute.amazonaws.com/wp-admin/edit.php?post_type=page" "Mozilla/5.0 (Macintosh; Intel Mac OS X 10_12_6) AppleWebKit/537.36 (KHTML, like Gecko) Chrome/75.0.3770.100 Safari/537.36"
183.81.49.89 - - [16/Jul/2019:14:20:53 +0000] "POST /wp-admin/admin-ajax.php HTTP/1.1" 200 728 "http://ec2-18-222-53-144.us-east-2.compute.amazonaws.com/wp-admin/edit.php" "Mozilla/5.0 (Macintosh; Intel Mac OS X 10_12_6) AppleWebKit/537.36 (KHTML, like Gecko) Chrome/75.0.3770.100 Safari/537.36"
183.81.49.89 - - [16/Jul/2019:14:21:01 +0000] "GET /wp-admin/edit.php?post_type=page&trashed=1&ids=414 HTTP/1.1" 200 16654 "http://ec2-18-222-53-144.us-east-2.compute.amazonaws.com/wp-admin/edit.php?post_type=page" "Mozilla/5.0 (Macintosh; Intel Mac OS X 10_12_6) AppleWebKit/537.36 (KHTML, like Gecko) Chrome/75.0.3770.100 Safari/537.36"
183.81.49.89 - - [16/Jul/2019:14:21:02 +0000] "GET /wp-json/jetpack/v4/jitm?message_path=wp%3Aedit-page%3Aadmin_notices&query=post_type%253Dpage%252Ctrashed%253D1%252Cids%253D414&_wpnonce=b538594c68 HTTP/1.1" 404 553 "http://ec2-18-222-53-144.us-east-2.compute.amazonaws.com/wp-admin/edit.php?post_type=page&ids=414" "Mozilla/5.0 (Macintosh; Intel Mac OS X 10_12_6) AppleWebKit/537.36 (KHTML, like Gecko) Chrome/75.0.3770.100 Safari/537.36"
183.81.49.89 - - [16/Jul/2019:14:21:02 +0000] "POST /wp-admin/admin-ajax.php HTTP/1.1" 200 727 "http://ec2-18-222-53-144.us-east-2.compute.amazonaws.com/wp-admin/edit.php?post_type=page&ids=414" "Mozilla/5.0 (Macintosh; Intel Mac OS X 10_12_6) AppleWebKit/537.36 (KHTML, like Gecko) Chrome/75.0.3770.100 Safari/537.36"
183.81.49.89 - - [16/Jul/2019:14:21:05 +0000] "GET /wp-admin/post.php?post=415&action=trash&_wpnonce=84ae8c2ed4 HTTP/1.1" 302 637 "http://ec2-18-222-53-144.us-east-2.compute.amazonaws.com/wp-admin/edit.php?post_type=page&ids=414" "Mozilla/5.0 (Macintosh; Intel Mac OS X 10_12_6) AppleWebKit/537.36 (KHTML, like Gecko) Chrome/75.0.3770.100 Safari/537.36"
183.81.49.89 - - [16/Jul/2019:14:21:05 +0000] "GET /wp-admin/edit.php?post_type=page&trashed=1&ids=415 HTTP/1.1" 200 16562 "http://ec2-18-222-53-144.us-east-2.compute.amazonaws.com/wp-admin/edit.php?post_type=page&ids=414" "Mozilla/5.0 (Macintosh; Intel Mac OS X 10_12_6) AppleWebKit/537.36 (KHTML, like Gecko) Chrome/75.0.3770.100 Safari/537.36"
183.81.49.89 - - [16/Jul/2019:14:21:06 +0000] "GET /wp-json/jetpack/v4/jitm?message_path=wp%3Aedit-page%3Aadmin_notices&query=post_type%253Dpage%252Ctrashed%253D1%252Cids%253D415&_wpnonce=b538594c68 HTTP/1.1" 404 552 "http://ec2-18-222-53-144.us-east-2.compute.amazonaws.com/wp-admin/edit.php?post_type=page&ids=415" "Mozilla/5.0 (Macintosh; Intel Mac OS X 10_12_6) AppleWebKit/537.36 (KHTML, like Gecko) Chrome/75.0.3770.100 Safari/537.36"
183.81.49.89 - - [16/Jul/2019:14:21:06 +0000] "POST /wp-admin/admin-ajax.php HTTP/1.1" 200 727 "http://ec2-18-222-53-144.us-east-2.compute.amazonaws.com/wp-admin/edit.php?post_type=page&ids=415" "Mozilla/5.0 (Macintosh; Intel Mac OS X 10_12_6) AppleWebKit/537.36 (KHTML, like Gecko) Chrome/75.0.3770.100 Safari/537.36"
183.81.49.89 - - [16/Jul/2019:14:21:08 +0000] "GET /wp-admin/post.php?post=416&action=trash&_wpnonce=c453b196b7 HTTP/1.1" 302 637 "http://ec2-18-222-53-144.us-east-2.compute.amazonaws.com/wp-admin/edit.php?post_type=page&ids=415" "Mozilla/5.0 (Macintosh; Intel Mac OS X 10_12_6) AppleWebKit/537.36 (KHTML, like Gecko) Chrome/75.0.3770.100 Safari/537.36"
183.81.49.89 - - [16/Jul/2019:14:21:08 +0000] "GET /wp-admin/edit.php?post_type=page&trashed=1&ids=416 HTTP/1.1" 200 16463 "http://ec2-18-222-53-144.us-east-2.compute.amazonaws.com/wp-admin/edit.php?post_type=page&ids=415" "Mozilla/5.0 (Macintosh; Intel Mac OS X 10_12_6) AppleWebKit/537.36 (KHTML, like Gecko) Chrome/75.0.3770.100 Safari/537.36"
183.81.49.89 - - [16/Jul/2019:14:21:09 +0000] "GET /wp-json/jetpack/v4/jitm?message_path=wp%3Aedit-page%3Aadmin_notices&query=post_type%253Dpage%252Ctrashed%253D1%252Cids%253D416&_wpnonce=b538594c68 HTTP/1.1" 404 552 "http://ec2-18-222-53-144.us-east-2.compute.amazonaws.com/wp-admin/edit.php?post_type=page&ids=416" "Mozilla/5.0 (Macintosh; Intel Mac OS X 10_12_6) AppleWebKit/537.36 (KHTML, like Gecko) Chrome/75.0.3770.100 Safari/537.36"
183.81.49.89 - - [16/Jul/2019:14:21:09 +0000] "POST /wp-admin/admin-ajax.php HTTP/1.1" 200 727 "http://ec2-18-222-53-144.us-east-2.compute.amazonaws.com/wp-admin/edit.php?post_type=page&ids=416" "Mozilla/5.0 (Macintosh; Intel Mac OS X 10_12_6) AppleWebKit/537.36 (KHTML, like Gecko) Chrome/75.0.3770.100 Safari/537.36"
172.31.19.55 - - [16/Jul/2019:14:21:16 +0000] "POST /wp-cron.php?doing_wp_cron=1563286876.0175209045410156250000 HTTP/1.1" 200 166 "-" "WordPress/5.2.2; http://ec2-18-222-53-144.us-east-2.compute.amazonaws.com"
183.81.49.89 - - [16/Jul/2019:14:21:15 +0000] "GET /wp-admin/post.php?post=417&action=trash&_wpnonce=9b3191f87c HTTP/1.1" 302 638 "http://ec2-18-222-53-144.us-east-2.compute.amazonaws.com/wp-admin/edit.php?post_type=page&ids=416" "Mozilla/5.0 (Macintosh; Intel Mac OS X 10_12_6) AppleWebKit/537.36 (KHTML, like Gecko) Chrome/75.0.3770.100 Safari/537.36"
183.81.49.89 - - [16/Jul/2019:14:21:24 +0000] "POST /wp-admin/admin-ajax.php HTTP/1.1" 200 728 "http://ec2-18-222-53-144.us-east-2.compute.amazonaws.com/wp-admin/edit.php?post_type=page&ids=416" "Mozilla/5.0 (Macintosh; Intel Mac OS X 10_12_6) AppleWebKit/537.36 (KHTML, like Gecko) Chrome/75.0.3770.100 Safari/537.36"
183.81.49.89 - - [16/Jul/2019:14:21:24 +0000] "GET /wp-admin/edit.php?post_type=page&trashed=1&ids=417 HTTP/1.1" 200 16314 "http://ec2-18-222-53-144.us-east-2.compute.amazonaws.com/wp-admin/edit.php?post_type=page&ids=416" "Mozilla/5.0 (Macintosh; Intel Mac OS X 10_12_6) AppleWebKit/537.36 (KHTML, like Gecko) Chrome/75.0.3770.100 Safari/537.36"
183.81.49.89 - - [16/Jul/2019:14:21:25 +0000] "GET /wp-json/jetpack/v4/jitm?message_path=wp%3Aedit-page%3Aadmin_notices&query=post_type%253Dpage%252Ctrashed%253D1%252Cids%253D417&_wpnonce=b538594c68 HTTP/1.1" 404 552 "http://ec2-18-222-53-144.us-east-2.compute.amazonaws.com/wp-admin/edit.php?post_type=page&ids=417" "Mozilla/5.0 (Macintosh; Intel Mac OS X 10_12_6) AppleWebKit/537.36 (KHTML, like Gecko) Chrome/75.0.3770.100 Safari/537.36"
183.81.49.89 - - [16/Jul/2019:14:21:25 +0000] "POST /wp-admin/admin-ajax.php HTTP/1.1" 200 727 "http://ec2-18-222-53-144.us-east-2.compute.amazonaws.com/wp-admin/edit.php?post_type=page&ids=417" "Mozilla/5.0 (Macintosh; Intel Mac OS X 10_12_6) AppleWebKit/537.36 (KHTML, like Gecko) Chrome/75.0.3770.100 Safari/537.36"
183.81.49.89 - - [16/Jul/2019:14:21:28 +0000] "GET /wp-admin/options-permalink.php HTTP/1.1" 200 11555 "http://ec2-18-222-53-144.us-east-2.compute.amazonaws.com/wp-admin/edit.php?post_type=page&ids=417" "Mozilla/5.0 (Macintosh; Intel Mac OS X 10_12_6) AppleWebKit/537.36 (KHTML, like Gecko) Chrome/75.0.3770.100 Safari/537.36"
183.81.49.89 - - [16/Jul/2019:14:21:28 +0000] "GET /wp-json/jetpack/v4/jitm?message_path=wp%3Aoptions-permalink%3Aadmin_notices&query=&_wpnonce=b538594c68 HTTP/1.1" 404 552 "http://ec2-18-222-53-144.us-east-2.compute.amazonaws.com/wp-admin/options-permalink.php" "Mozilla/5.0 (Macintosh; Intel Mac OS X 10_12_6) AppleWebKit/537.36 (KHTML, like Gecko) Chrome/75.0.3770.100 Safari/537.36"
183.81.49.89 - - [16/Jul/2019:14:21:53 +0000] "GET / HTTP/1.1" 200 7949 "-" "Mozilla/5.0 (Macintosh; Intel Mac OS X 10_12_6) AppleWebKit/537.36 (KHTML, like Gecko) Chrome/75.0.3770.100 Safari/537.36"
183.81.49.89 - - [16/Jul/2019:14:22:01 +0000] "GET /laptop/ HTTP/1.1" 404 537 "http://ec2-18-222-53-144.us-east-2.compute.amazonaws.com/" "Mozilla/5.0 (Macintosh; Intel Mac OS X 10_12_6) AppleWebKit/537.36 (KHTML, like Gecko) Chrome/75.0.3770.100 Safari/537.36"
183.81.49.89 - - [16/Jul/2019:14:22:06 +0000] "GET / HTTP/1.1" 200 7948 "-" "Mozilla/5.0 (Macintosh; Intel Mac OS X 10_12_6) AppleWebKit/537.36 (KHTML, like Gecko) Chrome/75.0.3770.100 Safari/537.36"
172.31.19.55 - - [16/Jul/2019:14:22:29 +0000] "POST /wp-cron.php?doing_wp_cron=1563286949.6559031009674072265625 HTTP/1.1" 200 166 "-" "WordPress/5.2.2; http://ec2-18-222-53-144.us-east-2.compute.amazonaws.com"
183.81.49.89 - - [16/Jul/2019:14:22:29 +0000] "POST /wp-admin/admin-ajax.php HTTP/1.1" 200 728 "http://ec2-18-222-53-144.us-east-2.compute.amazonaws.com/wp-admin/options-permalink.php" "Mozilla/5.0 (Macintosh; Intel Mac OS X 10_12_6) AppleWebKit/537.36 (KHTML, like Gecko) Chrome/75.0.3770.100 Safari/537.36"
172.31.19.55 - - [16/Jul/2019:14:24:29 +0000] "POST /wp-cron.php?doing_wp_cron=1563287069.9496328830718994140625 HTTP/1.1" 200 166 "-" "WordPress/5.2.2; http://ec2-18-222-53-144.us-east-2.compute.amazonaws.com"
183.81.49.89 - - [16/Jul/2019:14:24:29 +0000] "POST /wp-admin/admin-ajax.php HTTP/1.1" 200 728 "http://ec2-18-222-53-144.us-east-2.compute.amazonaws.com/wp-admin/options-permalink.php" "Mozilla/5.0 (Macintosh; Intel Mac OS X 10_12_6) AppleWebKit/537.36 (KHTML, like Gecko) Chrome/75.0.3770.100 Safari/537.36"
183.81.49.89 - - [16/Jul/2019:14:25:06 +0000] "GET /wp-admin/edit.php?post_type=page HTTP/1.1" 200 16206 "http://ec2-18-222-53-144.us-east-2.compute.amazonaws.com/wp-admin/options-permalink.php" "Mozilla/5.0 (Macintosh; Intel Mac OS X 10_12_6) AppleWebKit/537.36 (KHTML, like Gecko) Chrome/75.0.3770.100 Safari/537.36"
183.81.49.89 - - [16/Jul/2019:14:25:07 +0000] "GET /wp-json/jetpack/v4/jitm?message_path=wp%3Aedit-page%3Aadmin_notices&query=post_type%253Dpage&_wpnonce=b538594c68 HTTP/1.1" 404 553 "http://ec2-18-222-53-144.us-east-2.compute.amazonaws.com/wp-admin/edit.php?post_type=page" "Mozilla/5.0 (Macintosh; Intel Mac OS X 10_12_6) AppleWebKit/537.36 (KHTML, like Gecko) Chrome/75.0.3770.100 Safari/537.36"
183.81.49.89 - - [16/Jul/2019:14:25:07 +0000] "POST /wp-admin/admin-ajax.php HTTP/1.1" 200 727 "http://ec2-18-222-53-144.us-east-2.compute.amazonaws.com/wp-admin/edit.php?post_type=page" "Mozilla/5.0 (Macintosh; Intel Mac OS X 10_12_6) AppleWebKit/537.36 (KHTML, like Gecko) Chrome/75.0.3770.100 Safari/537.36"
183.81.49.89 - - [16/Jul/2019:14:25:00 +0000] "GET / HTTP/1.1" 200 7949 "-" "Mozilla/5.0 (Macintosh; Intel Mac OS X 10_12_6) AppleWebKit/537.36 (KHTML, like Gecko) Chrome/75.0.3770.100 Safari/537.36"
183.81.49.89 - - [16/Jul/2019:14:25:09 +0000] "GET /wp-content/themes/fictional-university/style.css?ver=5.2.2 HTTP/1.1" 200 8195 "http://ec2-18-222-53-144.us-east-2.compute.amazonaws.com/" "Mozilla/5.0 (Macintosh; Intel Mac OS X 10_12_6) AppleWebKit/537.36 (KHTML, like Gecko) Chrome/75.0.3770.100 Safari/537.36"
183.81.49.89 - - [16/Jul/2019:14:25:09 +0000] "GET /wp-content/themes/fictional-university/js/scripts-bundled.js HTTP/1.1" 200 95835 "http://ec2-18-222-53-144.us-east-2.compute.amazonaws.com/" "Mozilla/5.0 (Macintosh; Intel Mac OS X 10_12_6) AppleWebKit/537.36 (KHTML, like Gecko) Chrome/75.0.3770.100 Safari/537.36"
183.81.49.89 - - [16/Jul/2019:14:25:09 +0000] "GET /wp-admin/admin.php?page=stats&noheader&proxy&chart=admin-bar-hours-scale-2x HTTP/1.1" 200 998 "http://ec2-18-222-53-144.us-east-2.compute.amazonaws.com/" "Mozilla/5.0 (Macintosh; Intel Mac OS X 10_12_6) AppleWebKit/537.36 (KHTML, like Gecko) Chrome/75.0.3770.100 Safari/537.36"
183.81.49.89 - - [16/Jul/2019:14:25:10 +0000] "GET /wp-content/themes/fictional-university/images/library-hero.jpg HTTP/1.1" 304 182 "http://ec2-18-222-53-144.us-east-2.compute.amazonaws.com/" "Mozilla/5.0 (Macintosh; Intel Mac OS X 10_12_6) AppleWebKit/537.36 (KHTML, like Gecko) Chrome/75.0.3770.100 Safari/537.36"
183.81.49.89 - - [16/Jul/2019:14:25:10 +0000] "GET /wp-content/themes/fictional-university/images/bread.jpg HTTP/1.1" 304 182 "http://ec2-18-222-53-144.us-east-2.compute.amazonaws.com/" "Mozilla/5.0 (Macintosh; Intel Mac OS X 10_12_6) AppleWebKit/537.36 (KHTML, like Gecko) Chrome/75.0.3770.100 Safari/537.36"
183.81.49.89 - - [16/Jul/2019:14:25:10 +0000] "GET /wp-content/themes/fictional-university/images/bus.jpg HTTP/1.1" 304 182 "http://ec2-18-222-53-144.us-east-2.compute.amazonaws.com/" "Mozilla/5.0 (Macintosh; Intel Mac OS X 10_12_6) AppleWebKit/537.36 (KHTML, like Gecko) Chrome/75.0.3770.100 Safari/537.36"
183.81.49.89 - - [16/Jul/2019:14:25:10 +0000] "GET /wp-content/themes/fictional-university/images/apples.jpg HTTP/1.1" 304 182 "http://ec2-18-222-53-144.us-east-2.compute.amazonaws.com/" "Mozilla/5.0 (Macintosh; Intel Mac OS X 10_12_6) AppleWebKit/537.36 (KHTML, like Gecko) Chrome/75.0.3770.100 Safari/537.36"
183.81.49.89 - - [16/Jul/2019:14:25:12 +0000] "GET /wp-admin/post-new.php?post_type=product HTTP/1.1" 200 42295 "http://ec2-18-222-53-144.us-east-2.compute.amazonaws.com/wp-admin/edit.php?post_type=page" "Mozilla/5.0 (Macintosh; Intel Mac OS X 10_12_6) AppleWebKit/537.36 (KHTML, like Gecko) Chrome/75.0.3770.100 Safari/537.36"
172.31.19.55 - - [16/Jul/2019:14:25:13 +0000] "POST /wp-cron.php?doing_wp_cron=1563287113.0911810398101806640625 HTTP/1.1" 200 166 "-" "WordPress/5.2.2; http://ec2-18-222-53-144.us-east-2.compute.amazonaws.com"
183.81.49.89 - - [16/Jul/2019:14:25:13 +0000] "GET /wp-content/plugins/woocommerce/assets/css/admin.css?ver=3.6.5 HTTP/1.1" 200 29413 "http://ec2-18-222-53-144.us-east-2.compute.amazonaws.com/wp-admin/post-new.php?post_type=product" "Mozilla/5.0 (Macintosh; Intel Mac OS X 10_12_6) AppleWebKit/537.36 (KHTML, like Gecko) Chrome/75.0.3770.100 Safari/537.36"
183.81.49.89 - - [16/Jul/2019:14:25:13 +0000] "GET /wp-admin/load-styles.php?c=0&dir=ltr&load%5B%5D=dashicons,admin-bar,buttons,media-views,common,forms,admin-menu,dashboard,list-tables,edit,revisions,media,themes,about,nav-menu&load%5B%5D=s,wp-pointer,widgets,site-icon,l10n,wp-auth-check,wp-color-picker,wp-jquery-ui-dialog&ver=5.2.2 HTTP/1.1" 200 92529 "http://ec2-18-222-53-144.us-east-2.compute.amazonaws.com/wp-admin/post-new.php?post_type=product" "Mozilla/5.0 (Macintosh; Intel Mac OS X 10_12_6) AppleWebKit/537.36 (KHTML, like Gecko) Chrome/75.0.3770.100 Safari/537.36"
183.81.49.89 - - [16/Jul/2019:14:25:14 +0000] "GET /wp-content/plugins/woocommerce/assets/css/jquery-ui/jquery-ui.min.css?ver=3.6.5 HTTP/1.1" 200 7719 "http://ec2-18-222-53-144.us-east-2.compute.amazonaws.com/wp-admin/post-new.php?post_type=product" "Mozilla/5.0 (Macintosh; Intel Mac OS X 10_12_6) AppleWebKit/537.36 (KHTML, like Gecko) Chrome/75.0.3770.100 Safari/537.36"
183.81.49.89 - - [16/Jul/2019:14:25:14 +0000] "GET /wp-content/plugins/woocommerce/assets/css/marketplace-suggestions.css?ver=3.6.5 HTTP/1.1" 200 1788 "http://ec2-18-222-53-144.us-east-2.compute.amazonaws.com/wp-admin/post-new.php?post_type=product" "Mozilla/5.0 (Macintosh; Intel Mac OS X 10_12_6) AppleWebKit/537.36 (KHTML, like Gecko) Chrome/75.0.3770.100 Safari/537.36"
183.81.49.89 - - [16/Jul/2019:14:25:14 +0000] "GET /wp-content/plugins/woocommerce/assets/css/activation.css?ver=3.6.5 HTTP/1.1" 200 833 "http://ec2-18-222-53-144.us-east-2.compute.amazonaws.com/wp-admin/post-new.php?post_type=product" "Mozilla/5.0 (Macintosh; Intel Mac OS X 10_12_6) AppleWebKit/537.36 (KHTML, like Gecko) Chrome/75.0.3770.100 Safari/537.36"
183.81.49.89 - - [16/Jul/2019:14:25:14 +0000] "GET /wp-includes/css/editor.min.css?ver=5.2.2 HTTP/1.1" 200 6247 "http://ec2-18-222-53-144.us-east-2.compute.amazonaws.com/wp-admin/post-new.php?post_type=product" "Mozilla/5.0 (Macintosh; Intel Mac OS X 10_12_6) AppleWebKit/537.36 (KHTML, like Gecko) Chrome/75.0.3770.100 Safari/537.36"
183.81.49.89 - - [16/Jul/2019:14:25:14 +0000] "GET /wp-content/plugins/woocommerce/assets/js/jquery-tiptip/jquery.tipTip.min.js?ver=3.6.5 HTTP/1.1" 200 1424 "http://ec2-18-222-53-144.us-east-2.compute.amazonaws.com/wp-admin/post-new.php?post_type=product" "Mozilla/5.0 (Macintosh; Intel Mac OS X 10_12_6) AppleWebKit/537.36 (KHTML, like Gecko) Chrome/75.0.3770.100 Safari/537.36"
